Archive member included to satisfy reference by file (symbol)

c:/st/stm32cubeide_1.8.0/stm32cubeide/plugins/com.st.stm32cube.ide.mcu.externaltools.gnu-tools-for-stm32.9-2020-q2-update.win32_2.0.0.202105311346/tools/bin/../lib/gcc/arm-none-eabi/9.3.1/../../../../arm-none-eabi/lib/thumb/v7e-m+dp/hard\libc_nano.a(lib_a-errno.o)
                              ./Core/Src/syscalls.o (__errno)
c:/st/stm32cubeide_1.8.0/stm32cubeide/plugins/com.st.stm32cube.ide.mcu.externaltools.gnu-tools-for-stm32.9-2020-q2-update.win32_2.0.0.202105311346/tools/bin/../lib/gcc/arm-none-eabi/9.3.1/../../../../arm-none-eabi/lib/thumb/v7e-m+dp/hard\libc_nano.a(lib_a-exit.o)
                              c:/st/stm32cubeide_1.8.0/stm32cubeide/plugins/com.st.stm32cube.ide.mcu.externaltools.gnu-tools-for-stm32.9-2020-q2-update.win32_2.0.0.202105311346/tools/bin/../lib/gcc/arm-none-eabi/9.3.1/../../../../arm-none-eabi/lib/thumb/v7e-m+dp/hard/crt0.o (exit)
c:/st/stm32cubeide_1.8.0/stm32cubeide/plugins/com.st.stm32cube.ide.mcu.externaltools.gnu-tools-for-stm32.9-2020-q2-update.win32_2.0.0.202105311346/tools/bin/../lib/gcc/arm-none-eabi/9.3.1/../../../../arm-none-eabi/lib/thumb/v7e-m+dp/hard\libc_nano.a(lib_a-impure.o)
                              c:/st/stm32cubeide_1.8.0/stm32cubeide/plugins/com.st.stm32cube.ide.mcu.externaltools.gnu-tools-for-stm32.9-2020-q2-update.win32_2.0.0.202105311346/tools/bin/../lib/gcc/arm-none-eabi/9.3.1/../../../../arm-none-eabi/lib/thumb/v7e-m+dp/hard\libc_nano.a(lib_a-exit.o) (_global_impure_ptr)
c:/st/stm32cubeide_1.8.0/stm32cubeide/plugins/com.st.stm32cube.ide.mcu.externaltools.gnu-tools-for-stm32.9-2020-q2-update.win32_2.0.0.202105311346/tools/bin/../lib/gcc/arm-none-eabi/9.3.1/../../../../arm-none-eabi/lib/thumb/v7e-m+dp/hard\libc_nano.a(lib_a-init.o)
                              c:/st/stm32cubeide_1.8.0/stm32cubeide/plugins/com.st.stm32cube.ide.mcu.externaltools.gnu-tools-for-stm32.9-2020-q2-update.win32_2.0.0.202105311346/tools/bin/../lib/gcc/arm-none-eabi/9.3.1/../../../../arm-none-eabi/lib/thumb/v7e-m+dp/hard/crt0.o (__libc_init_array)
c:/st/stm32cubeide_1.8.0/stm32cubeide/plugins/com.st.stm32cube.ide.mcu.externaltools.gnu-tools-for-stm32.9-2020-q2-update.win32_2.0.0.202105311346/tools/bin/../lib/gcc/arm-none-eabi/9.3.1/../../../../arm-none-eabi/lib/thumb/v7e-m+dp/hard\libc_nano.a(lib_a-itoa.o)
                              ./Core/Src/main.o (itoa)
c:/st/stm32cubeide_1.8.0/stm32cubeide/plugins/com.st.stm32cube.ide.mcu.externaltools.gnu-tools-for-stm32.9-2020-q2-update.win32_2.0.0.202105311346/tools/bin/../lib/gcc/arm-none-eabi/9.3.1/../../../../arm-none-eabi/lib/thumb/v7e-m+dp/hard\libc_nano.a(lib_a-memcpy-stub.o)
                              ./USB_DEVICE/App/usbd_cdc_if.o (memcpy)
c:/st/stm32cubeide_1.8.0/stm32cubeide/plugins/com.st.stm32cube.ide.mcu.externaltools.gnu-tools-for-stm32.9-2020-q2-update.win32_2.0.0.202105311346/tools/bin/../lib/gcc/arm-none-eabi/9.3.1/../../../../arm-none-eabi/lib/thumb/v7e-m+dp/hard\libc_nano.a(lib_a-memset.o)
                              c:/st/stm32cubeide_1.8.0/stm32cubeide/plugins/com.st.stm32cube.ide.mcu.externaltools.gnu-tools-for-stm32.9-2020-q2-update.win32_2.0.0.202105311346/tools/bin/../lib/gcc/arm-none-eabi/9.3.1/../../../../arm-none-eabi/lib/thumb/v7e-m+dp/hard/crt0.o (memset)
c:/st/stm32cubeide_1.8.0/stm32cubeide/plugins/com.st.stm32cube.ide.mcu.externaltools.gnu-tools-for-stm32.9-2020-q2-update.win32_2.0.0.202105311346/tools/bin/../lib/gcc/arm-none-eabi/9.3.1/../../../../arm-none-eabi/lib/thumb/v7e-m+dp/hard\libc_nano.a(lib_a-utoa.o)
                              c:/st/stm32cubeide_1.8.0/stm32cubeide/plugins/com.st.stm32cube.ide.mcu.externaltools.gnu-tools-for-stm32.9-2020-q2-update.win32_2.0.0.202105311346/tools/bin/../lib/gcc/arm-none-eabi/9.3.1/../../../../arm-none-eabi/lib/thumb/v7e-m+dp/hard\libc_nano.a(lib_a-itoa.o) (__utoa)
c:/st/stm32cubeide_1.8.0/stm32cubeide/plugins/com.st.stm32cube.ide.mcu.externaltools.gnu-tools-for-stm32.9-2020-q2-update.win32_2.0.0.202105311346/tools/bin/../lib/gcc/arm-none-eabi/9.3.1/thumb/v7e-m+dp/hard\libgcc.a(_aeabi_uldivmod.o)
                              ./Drivers/STM32H7xx_HAL_Driver/Src/stm32h7xx_hal_uart.o (__aeabi_uldivmod)
c:/st/stm32cubeide_1.8.0/stm32cubeide/plugins/com.st.stm32cube.ide.mcu.externaltools.gnu-tools-for-stm32.9-2020-q2-update.win32_2.0.0.202105311346/tools/bin/../lib/gcc/arm-none-eabi/9.3.1/thumb/v7e-m+dp/hard\libgcc.a(_udivmoddi4.o)
                              c:/st/stm32cubeide_1.8.0/stm32cubeide/plugins/com.st.stm32cube.ide.mcu.externaltools.gnu-tools-for-stm32.9-2020-q2-update.win32_2.0.0.202105311346/tools/bin/../lib/gcc/arm-none-eabi/9.3.1/thumb/v7e-m+dp/hard\libgcc.a(_aeabi_uldivmod.o) (__udivmoddi4)
c:/st/stm32cubeide_1.8.0/stm32cubeide/plugins/com.st.stm32cube.ide.mcu.externaltools.gnu-tools-for-stm32.9-2020-q2-update.win32_2.0.0.202105311346/tools/bin/../lib/gcc/arm-none-eabi/9.3.1/thumb/v7e-m+dp/hard\libgcc.a(_dvmd_tls.o)
[...]
Memory Configuration

Name             Origin             Length             Attributes
ITCMRAM          0x0000000000000000 0x0000000000010000 xrw
DTCMRAM          0x0000000020000000 0x0000000000020000 xrw
FLASH            0x0000000008000000 0x0000000000100000 xr
RAM_D1           0x0000000024000000 0x0000000000050000 xrw
RAM_D2           0x0000000030000000 0x0000000000008000 xrw
RAM_D3           0x0000000038000000 0x0000000000004000 xrw
*default*        0x0000000000000000 0xffffffffffffffff

Linker script and memory map

LOAD c:/st/stm32cubeide_1.8.0/stm32cubeide/plugins/com.st.stm32cube.ide.mcu.externaltools.gnu-tools-for-stm32.9-2020-q2-update.win32_2.0.0.202105311346/tools/bin/../lib/gcc/arm-none-eabi/9.3.1/thumb/v7e-m+dp/hard/crti.o
LOAD c:/st/stm32cubeide_1.8.0/stm32cubeide/plugins/com.st.stm32cube.ide.mcu.externaltools.gnu-tools-for-stm32.9-2020-q2-update.win32_2.0.0.202105311346/tools/bin/../lib/gcc/arm-none-eabi/9.3.1/thumb/v7e-m+dp/hard/crtbegin.o
LOAD c:/st/stm32cubeide_1.8.0/stm32cubeide/plugins/com.st.stm32cube.ide.mcu.externaltools.gnu-tools-for-stm32.9-2020-q2-update.win32_2.0.0.202105311346/tools/bin/../lib/gcc/arm-none-eabi/9.3.1/../../../../arm-none-eabi/lib/thumb/v7e-m+dp/hard/crt0.o
LOAD ./Core/Src/main.o
LOAD ./Core/Src/stm32h7xx_hal_msp.o
LOAD ./Core/Src/stm32h7xx_it.o
LOAD ./Core/Src/syscalls.o
LOAD ./Core/Src/sysmem.o
LOAD ./Core/Src/system_stm32h7xx.o
LOAD ./Core/Startup/startup_stm32h723zgtx.o
LOAD ./Drivers/STM32H7xx_HAL_Driver/Src/stm32h7xx_hal.o
LOAD ./Drivers/STM32H7xx_HAL_Driver/Src/stm32h7xx_hal_adc.o
LOAD ./Drivers/STM32H7xx_HAL_Driver/Src/stm32h7xx_hal_adc_ex.o
LOAD ./Drivers/STM32H7xx_HAL_Driver/Src/stm32h7xx_hal_cortex.o
LOAD ./Drivers/STM32H7xx_HAL_Driver/Src/stm32h7xx_hal_dac.o
LOAD ./Drivers/STM32H7xx_HAL_Driver/Src/stm32h7xx_hal_dac_ex.o
LOAD ./Drivers/STM32H7xx_HAL_Driver/Src/stm32h7xx_hal_dma.o
LOAD ./Drivers/STM32H7xx_HAL_Driver/Src/stm32h7xx_hal_dma_ex.o
LOAD ./Drivers/STM32H7xx_HAL_Driver/Src/stm32h7xx_hal_eth.o
LOAD ./Drivers/STM32H7xx_HAL_Driver/Src/stm32h7xx_hal_eth_ex.o
LOAD ./Drivers/STM32H7xx_HAL_Driver/Src/stm32h7xx_hal_exti.o
LOAD ./Drivers/STM32H7xx_HAL_Driver/Src/stm32h7xx_hal_flash.o
LOAD ./Drivers/STM32H7xx_HAL_Driver/Src/stm32h7xx_hal_flash_ex.o
LOAD ./Drivers/STM32H7xx_HAL_Driver/Src/stm32h7xx_hal_gpio.o
LOAD ./Drivers/STM32H7xx_HAL_Driver/Src/stm32h7xx_hal_hsem.o
LOAD ./Drivers/STM32H7xx_HAL_Driver/Src/stm32h7xx_hal_i2c.o
LOAD ./Drivers/STM32H7xx_HAL_Driver/Src/stm32h7xx_hal_i2c_ex.o
LOAD ./Drivers/STM32H7xx_HAL_Driver/Src/stm32h7xx_hal_mdma.o
LOAD ./Drivers/STM32H7xx_HAL_Driver/Src/stm32h7xx_hal_pcd.o
LOAD ./Drivers/STM32H7xx_HAL_Driver/Src/stm32h7xx_hal_pcd_ex.o
LOAD ./Drivers/STM32H7xx_HAL_Driver/Src/stm32h7xx_hal_pwr.o
LOAD ./Drivers/STM32H7xx_HAL_Driver/Src/stm32h7xx_hal_pwr_ex.o
LOAD ./Drivers/STM32H7xx_HAL_Driver/Src/stm32h7xx_hal_rcc.o
LOAD ./Drivers/STM32H7xx_HAL_Driver/Src/stm32h7xx_hal_rcc_ex.o
LOAD ./Drivers/STM32H7xx_HAL_Driver/Src/stm32h7xx_hal_tim.o
LOAD ./Drivers/STM32H7xx_HAL_Driver/Src/stm32h7xx_hal_tim_ex.o
LOAD ./Drivers/STM32H7xx_HAL_Driver/Src/stm32h7xx_hal_uart.o
LOAD ./Drivers/STM32H7xx_HAL_Driver/Src/stm32h7xx_hal_uart_ex.o
LOAD ./Drivers/STM32H7xx_HAL_Driver/Src/stm32h7xx_ll_usb.o
LOAD ./Middlewares/ST/STM32_USB_Device_Library/Class/CDC/Src/usbd_cdc.o
LOAD ./Middlewares/ST/STM32_USB_Device_Library/Core/Src/usbd_core.o
LOAD ./Middlewares/ST/STM32_USB_Device_Library/Core/Src/usbd_ctlreq.o
LOAD ./Middlewares/ST/STM32_USB_Device_Library/Core/Src/usbd_ioreq.o
LOAD ./USB_DEVICE/App/usb_device.o
LOAD ./USB_DEVICE/App/usbd_cdc_if.o
LOAD ./USB_DEVICE/App/usbd_desc.o
LOAD ./USB_DEVICE/Target/usbd_conf.o
START GROUP
LOAD c:/st/stm32cubeide_1.8.0/stm32cubeide/plugins/com.st.stm32cube.ide.mcu.externaltools.gnu-tools-for-stm32.9-2020-q2-update.win32_2.0.0.202105311346/tools/bin/../lib/gcc/arm-none-eabi/9.3.1/../../../../arm-none-eabi/lib/thumb/v7e-m+dp/hard\libc_nano.a
LOAD c:/st/stm32cubeide_1.8.0/stm32cubeide/plugins/com.st.stm32cube.ide.mcu.externaltools.gnu-tools-for-stm32.9-2020-q2-update.win32_2.0.0.202105311346/tools/bin/../lib/gcc/arm-none-eabi/9.3.1/../../../../arm-none-eabi/lib/thumb/v7e-m+dp/hard\libm.a
END GROUP
START GROUP
LOAD c:/st/stm32cubeide_1.8.0/stm32cubeide/plugins/com.st.stm32cube.ide.mcu.externaltools.gnu-tools-for-stm32.9-2020-q2-update.win32_2.0.0.202105311346/tools/bin/../lib/gcc/arm-none-eabi/9.3.1/thumb/v7e-m+dp/hard\libgcc.a
LOAD c:/st/stm32cubeide_1.8.0/stm32cubeide/plugins/com.st.stm32cube.ide.mcu.externaltools.gnu-tools-for-stm32.9-2020-q2-update.win32_2.0.0.202105311346/tools/bin/../lib/gcc/arm-none-eabi/9.3.1/../../../../arm-none-eabi/lib/thumb/v7e-m+dp/hard\libc_nano.a
END GROUP
START GROUP
LOAD c:/st/stm32cubeide_1.8.0/stm32cubeide/plugins/com.st.stm32cube.ide.mcu.externaltools.gnu-tools-for-stm32.9-2020-q2-update.win32_2.0.0.202105311346/tools/bin/../lib/gcc/arm-none-eabi/9.3.1/thumb/v7e-m+dp/hard\libgcc.a
LOAD c:/st/stm32cubeide_1.8.0/stm32cubeide/plugins/com.st.stm32cube.ide.mcu.externaltools.gnu-tools-for-stm32.9-2020-q2-update.win32_2.0.0.202105311346/tools/bin/../lib/gcc/arm-none-eabi/9.3.1/../../../../arm-none-eabi/lib/thumb/v7e-m+dp/hard\libc_nano.a
LOAD c:/st/stm32cubeide_1.8.0/stm32cubeide/plugins/com.st.stm32cube.ide.mcu.externaltools.gnu-tools-for-stm32.9-2020-q2-update.win32_2.0.0.202105311346/tools/bin/../lib/gcc/arm-none-eabi/9.3.1/../../../../arm-none-eabi/lib/thumb/v7e-m+dp/hard\libnosys.a
END GROUP
START GROUP
LOAD c:/st/stm32cubeide_1.8.0/stm32cubeide/plugins/com.st.stm32cube.ide.mcu.externaltools.gnu-tools-for-stm32.9-2020-q2-update.win32_2.0.0.202105311346/tools/bin/../lib/gcc/arm-none-eabi/9.3.1/thumb/v7e-m+dp/hard\libgcc.a
LOAD c:/st/stm32cubeide_1.8.0/stm32cubeide/plugins/com.st.stm32cube.ide.mcu.externaltools.gnu-tools-for-stm32.9-2020-q2-update.win32_2.0.0.202105311346/tools/bin/../lib/gcc/arm-none-eabi/9.3.1/../../../../arm-none-eabi/lib/thumb/v7e-m+dp/hard\libc_nano.a
LOAD c:/st/stm32cubeide_1.8.0/stm32cubeide/plugins/com.st.stm32cube.ide.mcu.externaltools.gnu-tools-for-stm32.9-2020-q2-update.win32_2.0.0.202105311346/tools/bin/../lib/gcc/arm-none-eabi/9.3.1/../../../../arm-none-eabi/lib/thumb/v7e-m+dp/hard\libnosys.a
END GROUP
LOAD c:/st/stm32cubeide_1.8.0/stm32cubeide/plugins/com.st.stm32cube.ide.mcu.externaltools.gnu-tools-for-stm32.9-2020-q2-update.win32_2.0.0.202105311346/tools/bin/../lib/gcc/arm-none-eabi/9.3.1/thumb/v7e-m+dp/hard/crtend.o
LOAD c:/st/stm32cubeide_1.8.0/stm32cubeide/plugins/com.st.stm32cube.ide.mcu.externaltools.gnu-tools-for-stm32.9-2020-q2-update.win32_2.0.0.202105311346/tools/bin/../lib/gcc/arm-none-eabi/9.3.1/thumb/v7e-m+dp/hard/crtn.o
                0x0000000024050000                _estack = (ORIGIN (RAM_D1) + LENGTH (RAM_D1))
                0x0000000000000200                _Min_Heap_Size = 0x200
                0x0000000000000400                _Min_Stack_Size = 0x400

.isr_vector     0x0000000008000000      0x2cc
                0x0000000008000000                . = ALIGN (0x4)
 *(.isr_vector)
 .isr_vector    0x0000000008000000      0x2cc ./Core/Startup/startup_stm32h723zgtx.o
                0x0000000008000000                g_pfnVectors
                0x00000000080002cc                . = ALIGN (0x4)

.text           0x00000000080002cc     0xf7f8
                0x00000000080002cc                . = ALIGN (0x4)
 *(.text)
 .text          0x00000000080002cc       0x40 c:/st/stm32cubeide_1.8.0/stm32cubeide/plugins/com.st.stm32cube.ide.mcu.externaltools.gnu-tools-for-stm32.9-2020-q2-update.win32_2.0.0.202105311346/tools/bin/../lib/gcc/arm-none-eabi/9.3.1/thumb/v7e-m+dp/hard/crtbegin.o
 .text          0x000000000800030c       0x30 c:/st/stm32cubeide_1.8.0/stm32cubeide/plugins/com.st.stm32cube.ide.mcu.externaltools.gnu-tools-for-stm32.9-2020-q2-update.win32_2.0.0.202105311346/tools/bin/../lib/gcc/arm-none-eabi/9.3.1/thumb/v7e-m+dp/hard\libgcc.a(_aeabi_uldivmod.o)
                0x000000000800030c                __aeabi_uldivmod
 .text          0x000000000800033c      0x2c4 c:/st/stm32cubeide_1.8.0/stm32cubeide/plugins/com.st.stm32cube.ide.mcu.externaltools.gnu-tools-for-stm32.9-2020-q2-update.win32_2.0.0.202105311346/tools/bin/../lib/gcc/arm-none-eabi/9.3.1/thumb/v7e-m+dp/hard\libgcc.a(_udivmoddi4.o)
                0x000000000800033c                __udivmoddi4
 .text          0x0000000008000600        0x4 c:/st/stm32cubeide_1.8.0/stm32cubeide/plugins/com.st.stm32cube.ide.mcu.externaltools.gnu-tools-for-stm32.9-2020-q2-update.win32_2.0.0.202105311346/tools/bin/../lib/gcc/arm-none-eabi/9.3.1/thumb/v7e-m+dp/hard\libgcc.a(_dvmd_tls.o)
                0x0000000008000600                __aeabi_idiv0
                0x0000000008000600                __aeabi_ldiv0
 *(.text*)
 .text.main     0x0000000008000604      0x13c ./Core/Src/main.o
                0x0000000008000604                main
 .text.SystemClock_Config
                0x0000000008000740       0xf4 ./Core/Src/main.o
                0x0000000008000740                SystemClock_Config
 .text.MX_ADC1_Init
                0x0000000008000834       0xf0 ./Core/Src/main.o
 .text.MX_DAC1_Init
                0x0000000008000924       0x64 ./Core/Src/main.o
 .text.MX_ETH_Init
                0x0000000008000988       0x98 ./Core/Src/main.o
 .text.MX_USART3_UART_Init
                0x0000000008000a20       0x98 ./Core/Src/main.o
 .text.MX_DMA_Init
                0x0000000008000ab8       0x40 ./Core/Src/main.o
 .text.MX_GPIO_Init
                0x0000000008000af8      0x1b8 ./Core/Src/main.o
 .text.Error_Handler
                0x0000000008000cb0        0xa ./Core/Src/main.o
                0x0000000008000cb0                Error_Handler
 *fill*         0x0000000008000cba        0x2 
 .text.HAL_MspInit
                0x0000000008000cbc       0x34 ./Core/Src/stm32h7xx_hal_msp.o
                0x0000000008000cbc                HAL_MspInit
 .text.HAL_ADC_MspInit
                0x0000000008000cf0      0x148 ./Core/Src/stm32h7xx_hal_msp.o
                0x0000000008000cf0                HAL_ADC_MspInit
 .text.HAL_DAC_MspInit
                0x0000000008000e38       0x8c ./Core/Src/stm32h7xx_hal_msp.o
                0x0000000008000e38                HAL_DAC_MspInit
 .text.HAL_ETH_MspInit
                0x0000000008000ec4      0x19c ./Core/Src/stm32h7xx_hal_msp.o
                0x0000000008000ec4                HAL_ETH_MspInit
 .text.HAL_UART_MspInit
                0x0000000008001060       0xcc ./Core/Src/stm32h7xx_hal_msp.o
                0x0000000008001060                HAL_UART_MspInit
 .text.NMI_Handler
                0x000000000800112c        0x6 ./Core/Src/stm32h7xx_it.o
                0x000000000800112c                NMI_Handler
 .text.HardFault_Handler
                0x0000000008001132        0x6 ./Core/Src/stm32h7xx_it.o
                0x0000000008001132                HardFault_Handler
 .text.MemManage_Handler
                0x0000000008001138        0x6 ./Core/Src/stm32h7xx_it.o
                0x0000000008001138                MemManage_Handler
 .text.BusFault_Handler
                0x000000000800113e        0x6 ./Core/Src/stm32h7xx_it.o
                0x000000000800113e                BusFault_Handler
 .text.UsageFault_Handler
                0x0000000008001144        0x6 ./Core/Src/stm32h7xx_it.o
                0x0000000008001144                UsageFault_Handler
 .text.SVC_Handler
                0x000000000800114a        0xe ./Core/Src/stm32h7xx_it.o
                0x000000000800114a                SVC_Handler
 .text.DebugMon_Handler
                0x0000000008001158        0xe ./Core/Src/stm32h7xx_it.o
                0x0000000008001158                DebugMon_Handler
 .text.PendSV_Handler
                0x0000000008001166        0xe ./Core/Src/stm32h7xx_it.o
                0x0000000008001166                PendSV_Handler
 .text.SysTick_Handler
                0x0000000008001174        0xc ./Core/Src/stm32h7xx_it.o
                0x0000000008001174                SysTick_Handler
 .text.DMA1_Stream0_IRQHandler
                0x0000000008001180       0x14 ./Core/Src/stm32h7xx_it.o
                0x0000000008001180                DMA1_Stream0_IRQHandler
 .text.OTG_HS_IRQHandler
                0x0000000008001194       0x14 ./Core/Src/stm32h7xx_it.o
                0x0000000008001194                OTG_HS_IRQHandler
 .text.SystemInit
                0x00000000080011a8       0xf0 ./Core/Src/system_stm32h7xx.o
                0x00000000080011a8                SystemInit
 .text.Reset_Handler
                0x0000000008001298       0x50 ./Core/Startup/startup_stm32h723zgtx.o
                0x0000000008001298                Reset_Handler
 .text.Default_Handler
                0x00000000080012e8        0x2 ./Core/Startup/startup_stm32h723zgtx.o
                0x00000000080012e8                RTC_Alarm_IRQHandler
                0x00000000080012e8                EXTI2_IRQHandler
                0x00000000080012e8                TIM8_CC_IRQHandler
                0x00000000080012e8                UART8_IRQHandler
                0x00000000080012e8                SPI4_IRQHandler
                0x00000000080012e8                FDCAN3_IT0_IRQHandler
                0x00000000080012e8                TIM1_CC_IRQHandler
                0x00000000080012e8                BDMA_Channel6_IRQHandler
                0x00000000080012e8                DMA2_Stream5_IRQHandler
                0x00000000080012e8                DMA1_Stream5_IRQHandler
                0x00000000080012e8                CORDIC_IRQHandler
                0x00000000080012e8                BDMA_Channel1_IRQHandler
                0x00000000080012e8                TAMP_STAMP_IRQHandler
                0x00000000080012e8                EXTI3_IRQHandler
                0x00000000080012e8                LPTIM4_IRQHandler
                0x00000000080012e8                TIM8_TRG_COM_TIM14_IRQHandler
                0x00000000080012e8                LPTIM2_IRQHandler
                0x00000000080012e8                DFSDM1_FLT1_IRQHandler
                0x00000000080012e8                DMAMUX2_OVR_IRQHandler
                0x00000000080012e8                TIM8_UP_TIM13_IRQHandler
                0x00000000080012e8                I2C3_ER_IRQHandler
                0x00000000080012e8                DFSDM1_FLT2_IRQHandler
                0x00000000080012e8                I2C5_EV_IRQHandler
                0x00000000080012e8                USART10_IRQHandler
                0x00000000080012e8                MDMA_IRQHandler
                0x00000000080012e8                LPTIM3_IRQHandler
                0x00000000080012e8                HSEM1_IRQHandler
                0x00000000080012e8                EXTI0_IRQHandler
                0x00000000080012e8                I2C2_EV_IRQHandler
                0x00000000080012e8                DMA1_Stream2_IRQHandler
                0x00000000080012e8                FPU_IRQHandler
                0x00000000080012e8                OTG_HS_WKUP_IRQHandler
                0x00000000080012e8                FDCAN1_IT1_IRQHandler
                0x00000000080012e8                LTDC_ER_IRQHandler
                0x00000000080012e8                DMA2_Stream2_IRQHandler
                0x00000000080012e8                SPI1_IRQHandler
                0x00000000080012e8                OCTOSPI1_IRQHandler
                0x00000000080012e8                TIM6_DAC_IRQHandler
                0x00000000080012e8                DMA2_Stream3_IRQHandler
                0x00000000080012e8                OCTOSPI2_IRQHandler
                0x00000000080012e8                DFSDM1_FLT3_IRQHandler
                0x00000000080012e8                TIM23_IRQHandler
                0x00000000080012e8                USART6_IRQHandler
                0x00000000080012e8                TIM17_IRQHandler
                0x00000000080012e8                USART3_IRQHandler
                0x00000000080012e8                BDMA_Channel7_IRQHandler
                0x00000000080012e8                LPTIM5_IRQHandler
                0x00000000080012e8                UART5_IRQHandler
                0x00000000080012e8                ADC3_IRQHandler
                0x00000000080012e8                DMA2_Stream0_IRQHandler
                0x00000000080012e8                TIM4_IRQHandler
                0x00000000080012e8                BDMA_Channel2_IRQHandler
                0x00000000080012e8                I2C1_EV_IRQHandler
                0x00000000080012e8                DMA1_Stream6_IRQHandler
                0x00000000080012e8                DMAMUX1_OVR_IRQHandler
                0x00000000080012e8                DMA1_Stream1_IRQHandler
                0x00000000080012e8                TIM16_IRQHandler
                0x00000000080012e8                UART4_IRQHandler
                0x00000000080012e8                BDMA_Channel5_IRQHandler
                0x00000000080012e8                TIM3_IRQHandler
                0x00000000080012e8                RCC_IRQHandler
                0x00000000080012e8                UART9_IRQHandler
                0x00000000080012e8                TIM8_BRK_TIM12_IRQHandler
                0x00000000080012e8                TIM1_TRG_COM_IRQHandler
                0x00000000080012e8                Default_Handler
                0x00000000080012e8                ECC_IRQHandler
                0x00000000080012e8                FMAC_IRQHandler
                0x00000000080012e8                CEC_IRQHandler
                0x00000000080012e8                EXTI15_10_IRQHandler
                0x00000000080012e8                BDMA_Channel0_IRQHandler
                0x00000000080012e8                ADC_IRQHandler
                0x00000000080012e8                I2C5_ER_IRQHandler
                0x00000000080012e8                DMA1_Stream7_IRQHandler
                0x00000000080012e8                SPI5_IRQHandler
                0x00000000080012e8                TIM7_IRQHandler
                0x00000000080012e8                FDCAN3_IT1_IRQHandler
                0x00000000080012e8                SDMMC1_IRQHandler
                0x00000000080012e8                TIM5_IRQHandler
                0x00000000080012e8                DMA2_Stream7_IRQHandler
                0x00000000080012e8                TIM15_IRQHandler
                0x00000000080012e8                PVD_AVD_IRQHandler
                0x00000000080012e8                I2C3_EV_IRQHandler
                0x00000000080012e8                EXTI9_5_IRQHandler
                0x00000000080012e8                RTC_WKUP_IRQHandler
                0x00000000080012e8                LTDC_IRQHandler
                0x00000000080012e8                ETH_WKUP_IRQHandler
                0x00000000080012e8                SPDIF_RX_IRQHandler
                0x00000000080012e8                SPI2_IRQHandler
                0x00000000080012e8                OTG_HS_EP1_IN_IRQHandler
                0x00000000080012e8                TIM24_IRQHandler
                0x00000000080012e8                CRS_IRQHandler
                0x00000000080012e8                EXTI4_IRQHandler
                0x00000000080012e8                RNG_IRQHandler
                0x00000000080012e8                FDCAN2_IT1_IRQHandler
                0x00000000080012e8                ETH_IRQHandler
                0x00000000080012e8                TIM1_UP_IRQHandler
                0x00000000080012e8                BDMA_Channel4_IRQHandler
                0x00000000080012e8                OTG_HS_EP1_OUT_IRQHandler
                0x00000000080012e8                WWDG_IRQHandler
                0x00000000080012e8                SPI6_IRQHandler
                0x00000000080012e8                MDIOS_IRQHandler
                0x00000000080012e8                I2C4_EV_IRQHandler
                0x00000000080012e8                FDCAN2_IT0_IRQHandler
                0x00000000080012e8                LPUART1_IRQHandler
                0x00000000080012e8                FDCAN1_IT0_IRQHandler
                0x00000000080012e8                TIM2_IRQHandler
                0x00000000080012e8                DMA2D_IRQHandler
                0x00000000080012e8                TIM1_BRK_IRQHandler
                0x00000000080012e8                EXTI1_IRQHandler
                0x00000000080012e8                SDMMC2_IRQHandler
                0x00000000080012e8                BDMA_Channel3_IRQHandler
                0x00000000080012e8                DTS_IRQHandler
                0x00000000080012e8                UART7_IRQHandler
                0x00000000080012e8                MDIOS_WKUP_IRQHandler
                0x00000000080012e8                USART2_IRQHandler
                0x00000000080012e8                DFSDM1_FLT0_IRQHandler
                0x00000000080012e8                SAI4_IRQHandler
                0x00000000080012e8                I2C2_ER_IRQHandler
                0x00000000080012e8                DMA2_Stream1_IRQHandler
                0x00000000080012e8                FLASH_IRQHandler
                0x00000000080012e8                DMA2_Stream4_IRQHandler
                0x00000000080012e8                USART1_IRQHandler
                0x00000000080012e8                SPI3_IRQHandler
                0x00000000080012e8                WAKEUP_PIN_IRQHandler
                0x00000000080012e8                DMA1_Stream4_IRQHandler
                0x00000000080012e8                I2C1_ER_IRQHandler
                0x00000000080012e8                FMC_IRQHandler
                0x00000000080012e8                FDCAN_CAL_IRQHandler
                0x00000000080012e8                SWPMI1_IRQHandler
                0x00000000080012e8                COMP1_IRQHandler
                0x00000000080012e8                LPTIM1_IRQHandler
                0x00000000080012e8                DCMI_PSSI_IRQHandler
                0x00000000080012e8                I2C4_ER_IRQHandler
                0x00000000080012e8                DMA2_Stream6_IRQHandler
                0x00000000080012e8                SAI1_IRQHandler
                0x00000000080012e8                DMA1_Stream3_IRQHandler
 *fill*         0x00000000080012ea        0x2 
 .text.HAL_Init
                0x00000000080012ec       0x78 ./Drivers/STM32H7xx_HAL_Driver/Src/stm32h7xx_hal.o
                0x00000000080012ec                HAL_Init
 .text.HAL_InitTick
                0x0000000008001364       0x6c ./Drivers/STM32H7xx_HAL_Driver/Src/stm32h7xx_hal.o
                0x0000000008001364                HAL_InitTick
 .text.HAL_IncTick
                0x00000000080013d0       0x28 ./Drivers/STM32H7xx_HAL_Driver/Src/stm32h7xx_hal.o
                0x00000000080013d0                HAL_IncTick
 .text.HAL_GetTick
                0x00000000080013f8       0x18 ./Drivers/STM32H7xx_HAL_Driver/Src/stm32h7xx_hal.o
                0x00000000080013f8                HAL_GetTick
 .text.HAL_Delay
                0x0000000008001410       0x48 ./Drivers/STM32H7xx_HAL_Driver/Src/stm32h7xx_hal.o
                0x0000000008001410                HAL_Delay
 .text.HAL_SYSCFG_ETHInterfaceSelect
                0x0000000008001458       0x28 ./Drivers/STM32H7xx_HAL_Driver/Src/stm32h7xx_hal.o
                0x0000000008001458                HAL_SYSCFG_ETHInterfaceSelect
 .text.LL_ADC_SetCommonClock
                0x0000000008001480       0x26 ./Drivers/STM32H7xx_HAL_Driver/Src/stm32h7xx_hal_adc.o
 .text.LL_ADC_SetCommonPathInternalCh
                0x00000000080014a6       0x26 ./Drivers/STM32H7xx_HAL_Driver/Src/stm32h7xx_hal_adc.o
 .text.LL_ADC_GetCommonPathInternalCh
                0x00000000080014cc       0x1c ./Drivers/STM32H7xx_HAL_Driver/Src/stm32h7xx_hal_adc.o
 .text.LL_ADC_SetOffset
                0x00000000080014e8       0x64 ./Drivers/STM32H7xx_HAL_Driver/Src/stm32h7xx_hal_adc.o
 .text.LL_ADC_GetOffsetChannel
                0x000000000800154c       0x2c ./Drivers/STM32H7xx_HAL_Driver/Src/stm32h7xx_hal_adc.o
 .text.LL_ADC_SetDataRightShift
                0x0000000008001578       0x32 ./Drivers/STM32H7xx_HAL_Driver/Src/stm32h7xx_hal_adc.o
 *fill*         0x00000000080015aa        0x2 
 .text.LL_ADC_SetOffsetSignedSaturation
                0x00000000080015ac       0x44 ./Drivers/STM32H7xx_HAL_Driver/Src/stm32h7xx_hal_adc.o
 .text.LL_ADC_SetOffsetSaturation
                0x00000000080015f0       0x44 ./Drivers/STM32H7xx_HAL_Driver/Src/stm32h7xx_hal_adc.o
 .text.LL_ADC_SetOffsetSign
                0x0000000008001634       0x44 ./Drivers/STM32H7xx_HAL_Driver/Src/stm32h7xx_hal_adc.o
 .text.LL_ADC_SetOffsetState
                0x0000000008001678       0x54 ./Drivers/STM32H7xx_HAL_Driver/Src/stm32h7xx_hal_adc.o
 .text.LL_ADC_REG_IsTriggerSourceSWStart
                0x00000000080016cc       0x26 ./Drivers/STM32H7xx_HAL_Driver/Src/stm32h7xx_hal_adc.o
 .text.LL_ADC_REG_SetSequencerRanks
                0x00000000080016f2       0x58 ./Drivers/STM32H7xx_HAL_Driver/Src/stm32h7xx_hal_adc.o
 .text.LL_ADC_REG_SetDataTransferMode
                0x000000000800174a       0x26 ./Drivers/STM32H7xx_HAL_Driver/Src/stm32h7xx_hal_adc.o
 .text.LL_ADC_EnableDMAReq
                0x0000000008001770       0x20 ./Drivers/STM32H7xx_HAL_Driver/Src/stm32h7xx_hal_adc.o
 .text.LL_ADC_REG_SetDMATransferMode
                0x0000000008001790       0x34 ./Drivers/STM32H7xx_HAL_Driver/Src/stm32h7xx_hal_adc.o
 .text.LL_ADC_SetChannelSamplingTime
                0x00000000080017c4       0x56 ./Drivers/STM32H7xx_HAL_Driver/Src/stm32h7xx_hal_adc.o
 *fill*         0x000000000800181a        0x2 
 .text.LL_ADC_SetChannelSingleDiff
                0x000000000800181c       0x80 ./Drivers/STM32H7xx_HAL_Driver/Src/stm32h7xx_hal_adc.o
 .text.LL_ADC_GetMultimode
                0x000000000800189c       0x1c ./Drivers/STM32H7xx_HAL_Driver/Src/stm32h7xx_hal_adc.o
 .text.LL_ADC_DisableDeepPowerDown
                0x00000000080018b8       0x24 ./Drivers/STM32H7xx_HAL_Driver/Src/stm32h7xx_hal_adc.o
 .text.LL_ADC_IsDeepPowerDownEnabled
                0x00000000080018dc       0x28 ./Drivers/STM32H7xx_HAL_Driver/Src/stm32h7xx_hal_adc.o
 .text.LL_ADC_EnableInternalRegulator
                0x0000000008001904       0x28 ./Drivers/STM32H7xx_HAL_Driver/Src/stm32h7xx_hal_adc.o
 .text.LL_ADC_IsInternalRegulatorEnabled
                0x000000000800192c       0x28 ./Drivers/STM32H7xx_HAL_Driver/Src/stm32h7xx_hal_adc.o
 .text.LL_ADC_Enable
                0x0000000008001954       0x28 ./Drivers/STM32H7xx_HAL_Driver/Src/stm32h7xx_hal_adc.o
 .text.LL_ADC_Disable
                0x000000000800197c       0x28 ./Drivers/STM32H7xx_HAL_Driver/Src/stm32h7xx_hal_adc.o
 .text.LL_ADC_IsEnabled
                0x00000000080019a4       0x26 ./Drivers/STM32H7xx_HAL_Driver/Src/stm32h7xx_hal_adc.o
 .text.LL_ADC_IsDisableOngoing
                0x00000000080019ca       0x26 ./Drivers/STM32H7xx_HAL_Driver/Src/stm32h7xx_hal_adc.o
 .text.LL_ADC_REG_StartConversion
                0x00000000080019f0       0x28 ./Drivers/STM32H7xx_HAL_Driver/Src/stm32h7xx_hal_adc.o
 .text.LL_ADC_REG_IsConversionOngoing
                0x0000000008001a18       0x26 ./Drivers/STM32H7xx_HAL_Driver/Src/stm32h7xx_hal_adc.o
 .text.LL_ADC_INJ_IsConversionOngoing
                0x0000000008001a3e       0x26 ./Drivers/STM32H7xx_HAL_Driver/Src/stm32h7xx_hal_adc.o
 .text.HAL_ADC_Init
                0x0000000008001a64      0x410 ./Drivers/STM32H7xx_HAL_Driver/Src/stm32h7xx_hal_adc.o
                0x0000000008001a64                HAL_ADC_Init
 .text.HAL_ADC_Start
                0x0000000008001e74      0x194 ./Drivers/STM32H7xx_HAL_Driver/Src/stm32h7xx_hal_adc.o
                0x0000000008001e74                HAL_ADC_Start
 .text.HAL_ADC_Start_DMA
                0x0000000008002008      0x1b8 ./Drivers/STM32H7xx_HAL_Driver/Src/stm32h7xx_hal_adc.o
                0x0000000008002008                HAL_ADC_Start_DMA
 .text.HAL_ADC_ConvCpltCallback
                0x00000000080021c0       0x14 ./Drivers/STM32H7xx_HAL_Driver/Src/stm32h7xx_hal_adc.o
                0x00000000080021c0                HAL_ADC_ConvCpltCallback
 .text.HAL_ADC_ConvHalfCpltCallback
                0x00000000080021d4       0x14 ./Drivers/STM32H7xx_HAL_Driver/Src/stm32h7xx_hal_adc.o
                0x00000000080021d4                HAL_ADC_ConvHalfCpltCallback
 .text.HAL_ADC_ErrorCallback
                0x00000000080021e8       0x14 ./Drivers/STM32H7xx_HAL_Driver/Src/stm32h7xx_hal_adc.o
                0x00000000080021e8                HAL_ADC_ErrorCallback
 .text.HAL_ADC_ConfigChannel
                0x00000000080021fc      0xa58 ./Drivers/STM32H7xx_HAL_Driver/Src/stm32h7xx_hal_adc.o
                0x00000000080021fc                HAL_ADC_ConfigChannel
 .text.ADC_Enable
                0x0000000008002c54      0x114 ./Drivers/STM32H7xx_HAL_Driver/Src/stm32h7xx_hal_adc.o
                0x0000000008002c54                ADC_Enable
 .text.ADC_Disable
                0x0000000008002d68       0xbe ./Drivers/STM32H7xx_HAL_Driver/Src/stm32h7xx_hal_adc.o
                0x0000000008002d68                ADC_Disable
 .text.ADC_DMAConvCplt
                0x0000000008002e26       0xd8 ./Drivers/STM32H7xx_HAL_Driver/Src/stm32h7xx_hal_adc.o
                0x0000000008002e26                ADC_DMAConvCplt
 .text.ADC_DMAHalfConvCplt
                0x0000000008002efe       0x1c ./Drivers/STM32H7xx_HAL_Driver/Src/stm32h7xx_hal_adc.o
                0x0000000008002efe                ADC_DMAHalfConvCplt
 .text.ADC_DMAError
                0x0000000008002f1a       0x34 ./Drivers/STM32H7xx_HAL_Driver/Src/stm32h7xx_hal_adc.o
                0x0000000008002f1a                ADC_DMAError
 *fill*         0x0000000008002f4e        0x2 
 .text.ADC_ConfigureBoostMode
                0x0000000008002f50      0x1d8 ./Drivers/STM32H7xx_HAL_Driver/Src/stm32h7xx_hal_adc.o
                0x0000000008002f50                ADC_ConfigureBoostMode
 .text.LL_ADC_IsEnabled
                0x0000000008003128       0x26 ./Drivers/STM32H7xx_HAL_Driver/Src/stm32h7xx_hal_adc_ex.o
 *fill*         0x000000000800314e        0x2 
 .text.LL_ADC_StartCalibration
                0x0000000008003150       0x3c ./Drivers/STM32H7xx_HAL_Driver/Src/stm32h7xx_hal_adc_ex.o
 .text.LL_ADC_IsCalibrationOnGoing
                0x000000000800318c       0x28 ./Drivers/STM32H7xx_HAL_Driver/Src/stm32h7xx_hal_adc_ex.o
 .text.LL_ADC_REG_IsConversionOngoing
                0x00000000080031b4       0x26 ./Drivers/STM32H7xx_HAL_Driver/Src/stm32h7xx_hal_adc_ex.o
 *fill*         0x00000000080031da        0x2 
 .text.HAL_ADCEx_Calibration_Start
                0x00000000080031dc       0xc8 ./Drivers/STM32H7xx_HAL_Driver/Src/stm32h7xx_hal_adc_ex.o
                0x00000000080031dc                HAL_ADCEx_Calibration_Start
 .text.HAL_ADCEx_MultiModeConfigChannel
                0x00000000080032a4      0x1c4 ./Drivers/STM32H7xx_HAL_Driver/Src/stm32h7xx_hal_adc_ex.o
                0x00000000080032a4                HAL_ADCEx_MultiModeConfigChannel
 .text.__NVIC_SetPriorityGrouping
                0x0000000008003468       0x48 ./Drivers/STM32H7xx_HAL_Driver/Src/stm32h7xx_hal_cortex.o
 .text.__NVIC_GetPriorityGrouping
                0x00000000080034b0       0x1c ./Drivers/STM32H7xx_HAL_Driver/Src/stm32h7xx_hal_cortex.o
 .text.__NVIC_EnableIRQ
                0x00000000080034cc       0x3c ./Drivers/STM32H7xx_HAL_Driver/Src/stm32h7xx_hal_cortex.o
 .text.__NVIC_SetPriority
                0x0000000008003508       0x54 ./Drivers/STM32H7xx_HAL_Driver/Src/stm32h7xx_hal_cortex.o
 .text.NVIC_EncodePriority
                0x000000000800355c       0x66 ./Drivers/STM32H7xx_HAL_Driver/Src/stm32h7xx_hal_cortex.o
 *fill*         0x00000000080035c2        0x2 
 .text.SysTick_Config
                0x00000000080035c4       0x44 ./Drivers/STM32H7xx_HAL_Driver/Src/stm32h7xx_hal_cortex.o
 .text.HAL_NVIC_SetPriorityGrouping
                0x0000000008003608       0x16 ./Drivers/STM32H7xx_HAL_Driver/Src/stm32h7xx_hal_cortex.o
                0x0000000008003608                HAL_NVIC_SetPriorityGrouping
 .text.HAL_NVIC_SetPriority
                0x000000000800361e       0x34 ./Drivers/STM32H7xx_HAL_Driver/Src/stm32h7xx_hal_cortex.o
                0x000000000800361e                HAL_NVIC_SetPriority
 .text.HAL_NVIC_EnableIRQ
                0x0000000008003652       0x1c ./Drivers/STM32H7xx_HAL_Driver/Src/stm32h7xx_hal_cortex.o
                0x0000000008003652                HAL_NVIC_EnableIRQ
 .text.HAL_SYSTICK_Config
                0x000000000800366e       0x18 ./Drivers/STM32H7xx_HAL_Driver/Src/stm32h7xx_hal_cortex.o
                0x000000000800366e                HAL_SYSTICK_Config
 .text.HAL_DAC_Init
                0x0000000008003686       0x44 ./Drivers/STM32H7xx_HAL_Driver/Src/stm32h7xx_hal_dac.o
                0x0000000008003686                HAL_DAC_Init
 .text.HAL_DAC_Start
                0x00000000080036ca       0xa4 ./Drivers/STM32H7xx_HAL_Driver/Src/stm32h7xx_hal_dac.o
                0x00000000080036ca                HAL_DAC_Start
 .text.HAL_DAC_SetValue
                0x000000000800376e       0x4a ./Drivers/STM32H7xx_HAL_Driver/Src/stm32h7xx_hal_dac.o
                0x000000000800376e                HAL_DAC_SetValue
 .text.HAL_DAC_ConfigChannel
                0x00000000080037b8      0x260 ./Drivers/STM32H7xx_HAL_Driver/Src/stm32h7xx_hal_dac.o
                0x00000000080037b8                HAL_DAC_ConfigChannel
 .text.HAL_DMA_Init
                0x0000000008003a18      0x6b4 ./Drivers/STM32H7xx_HAL_Driver/Src/stm32h7xx_hal_dma.o
                0x0000000008003a18                HAL_DMA_Init
 .text.HAL_DMA_Start_IT
                0x00000000080040cc      0x4d4 ./Drivers/STM32H7xx_HAL_Driver/Src/stm32h7xx_hal_dma.o
                0x00000000080040cc                HAL_DMA_Start_IT
 .text.HAL_DMA_IRQHandler
                0x00000000080045a0      0xe54 ./Drivers/STM32H7xx_HAL_Driver/Src/stm32h7xx_hal_dma.o
                0x00000000080045a0                HAL_DMA_IRQHandler
 .text.DMA_SetConfig
                0x00000000080053f4      0x358 ./Drivers/STM32H7xx_HAL_Driver/Src/stm32h7xx_hal_dma.o
 .text.DMA_CalcBaseAndBitshift
                0x000000000800574c      0x164 ./Drivers/STM32H7xx_HAL_Driver/Src/stm32h7xx_hal_dma.o
 .text.DMA_CheckFifoParam
                0x00000000080058b0       0xf8 ./Drivers/STM32H7xx_HAL_Driver/Src/stm32h7xx_hal_dma.o
 .text.DMA_CalcDMAMUXChannelBaseAndMask
                0x00000000080059a8      0x134 ./Drivers/STM32H7xx_HAL_Driver/Src/stm32h7xx_hal_dma.o
 .text.DMA_CalcDMAMUXRequestGenBaseAndMask
                0x0000000008005adc       0xe8 ./Drivers/STM32H7xx_HAL_Driver/Src/stm32h7xx_hal_dma.o
 .text.HAL_ETH_Init
                0x0000000008005bc4      0x1b4 ./Drivers/STM32H7xx_HAL_Driver/Src/stm32h7xx_hal_eth.o
                0x0000000008005bc4                HAL_ETH_Init
 .text.ETH_SetMACConfig
                0x0000000008005d78      0x238 ./Drivers/STM32H7xx_HAL_Driver/Src/stm32h7xx_hal_eth.o
 .text.ETH_SetDMAConfig
                0x0000000008005fb0      0x10c ./Drivers/STM32H7xx_HAL_Driver/Src/stm32h7xx_hal_eth.o
 .text.ETH_MACDMAConfig
                0x00000000080060bc      0x13a ./Drivers/STM32H7xx_HAL_Driver/Src/stm32h7xx_hal_eth.o
 *fill*         0x00000000080061f6        0x2 
 .text.ETH_MAC_MDIO_ClkConfig
                0x00000000080061f8       0xb0 ./Drivers/STM32H7xx_HAL_Driver/Src/stm32h7xx_hal_eth.o
 .text.ETH_DMATxDescListInit
                0x00000000080062a8       0x8e ./Drivers/STM32H7xx_HAL_Driver/Src/stm32h7xx_hal_eth.o
 .text.ETH_DMARxDescListInit
                0x0000000008006336       0xba ./Drivers/STM32H7xx_HAL_Driver/Src/stm32h7xx_hal_eth.o
 .text.HAL_GPIO_Init
                0x00000000080063f0      0x350 ./Drivers/STM32H7xx_HAL_Driver/Src/stm32h7xx_hal_gpio.o
                0x00000000080063f0                HAL_GPIO_Init
 .text.HAL_GPIO_WritePin
                0x0000000008006740       0x32 ./Drivers/STM32H7xx_HAL_Driver/Src/stm32h7xx_hal_gpio.o
                0x0000000008006740                HAL_GPIO_WritePin
 .text.HAL_GPIO_TogglePin
                0x0000000008006772       0x34 ./Drivers/STM32H7xx_HAL_Driver/Src/stm32h7xx_hal_gpio.o
                0x0000000008006772                HAL_GPIO_TogglePin
 .text.HAL_PCD_Init
                0x00000000080067a6      0x248 ./Drivers/STM32H7xx_HAL_Driver/Src/stm32h7xx_hal_pcd.o
                0x00000000080067a6                HAL_PCD_Init
 .text.HAL_PCD_Start
                0x00000000080069ee       0x66 ./Drivers/STM32H7xx_HAL_Driver/Src/stm32h7xx_hal_pcd.o
                0x00000000080069ee                HAL_PCD_Start
 .text.HAL_PCD_IRQHandler
                0x0000000008006a54      0x7a6 ./Drivers/STM32H7xx_HAL_Driver/Src/stm32h7xx_hal_pcd.o
                0x0000000008006a54                HAL_PCD_IRQHandler
 .text.HAL_PCD_SetAddress
                0x00000000080071fa       0x4a ./Drivers/STM32H7xx_HAL_Driver/Src/stm32h7xx_hal_pcd.o
                0x00000000080071fa                HAL_PCD_SetAddress
 .text.HAL_PCD_EP_Open
                0x0000000008007244       0xd0 ./Drivers/STM32H7xx_HAL_Driver/Src/stm32h7xx_hal_pcd.o
                0x0000000008007244                HAL_PCD_EP_Open
 .text.HAL_PCD_EP_Close
                0x0000000008007314       0x94 ./Drivers/STM32H7xx_HAL_Driver/Src/stm32h7xx_hal_pcd.o
                0x0000000008007314                HAL_PCD_EP_Close
 .text.HAL_PCD_EP_Receive
                0x00000000080073a8       0x96 ./Drivers/STM32H7xx_HAL_Driver/Src/stm32h7xx_hal_pcd.o
                0x00000000080073a8                HAL_PCD_EP_Receive
 .text.HAL_PCD_EP_GetRxCount
                0x000000000800743e       0x30 ./Drivers/STM32H7xx_HAL_Driver/Src/stm32h7xx_hal_pcd.o
                0x000000000800743e                HAL_PCD_EP_GetRxCount
 .text.HAL_PCD_EP_Transmit
                0x000000000800746e       0x94 ./Drivers/STM32H7xx_HAL_Driver/Src/stm32h7xx_hal_pcd.o
                0x000000000800746e                HAL_PCD_EP_Transmit
 .text.HAL_PCD_EP_SetStall
                0x0000000008007502       0xc8 ./Drivers/STM32H7xx_HAL_Driver/Src/stm32h7xx_hal_pcd.o
                0x0000000008007502                HAL_PCD_EP_SetStall
 .text.HAL_PCD_EP_ClrStall
                0x00000000080075ca       0xac ./Drivers/STM32H7xx_HAL_Driver/Src/stm32h7xx_hal_pcd.o
                0x00000000080075ca                HAL_PCD_EP_ClrStall
 .text.PCD_WriteEmptyTxFifo
                0x0000000008007676      0x11a ./Drivers/STM32H7xx_HAL_Driver/Src/stm32h7xx_hal_pcd.o
 .text.PCD_EP_OutXfrComplete_int
                0x0000000008007790      0x218 ./Drivers/STM32H7xx_HAL_Driver/Src/stm32h7xx_hal_pcd.o
 .text.PCD_EP_OutSetupPacket_int
                0x00000000080079a8       0x8c ./Drivers/STM32H7xx_HAL_Driver/Src/stm32h7xx_hal_pcd.o
 .text.HAL_PCDEx_SetTxFiFo
                0x0000000008007a34       0x8e ./Drivers/STM32H7xx_HAL_Driver/Src/stm32h7xx_hal_pcd_ex.o
                0x0000000008007a34                HAL_PCDEx_SetTxFiFo
 .text.HAL_PCDEx_SetRxFiFo
                0x0000000008007ac2       0x22 ./Drivers/STM32H7xx_HAL_Driver/Src/stm32h7xx_hal_pcd_ex.o
                0x0000000008007ac2                HAL_PCDEx_SetRxFiFo
 .text.HAL_PCDEx_ActivateLPM
                0x0000000008007ae4       0x48 ./Drivers/STM32H7xx_HAL_Driver/Src/stm32h7xx_hal_pcd_ex.o
                0x0000000008007ae4                HAL_PCDEx_ActivateLPM
 .text.HAL_PCDEx_LPM_Callback
                0x0000000008007b2c       0x18 ./Drivers/STM32H7xx_HAL_Driver/Src/stm32h7xx_hal_pcd_ex.o
                0x0000000008007b2c                HAL_PCDEx_LPM_Callback
 .text.HAL_PWREx_ConfigSupply
                0x0000000008007b44       0x74 ./Drivers/STM32H7xx_HAL_Driver/Src/stm32h7xx_hal_pwr_ex.o
                0x0000000008007b44                HAL_PWREx_ConfigSupply
 .text.HAL_PWREx_EnableUSBVoltageDetector
                0x0000000008007bb8       0x20 ./Drivers/STM32H7xx_HAL_Driver/Src/stm32h7xx_hal_pwr_ex.o
                0x0000000008007bb8                HAL_PWREx_EnableUSBVoltageDetector
 .text.HAL_RCC_OscConfig
                0x0000000008007bd8      0x758 ./Drivers/STM32H7xx_HAL_Driver/Src/stm32h7xx_hal_rcc.o
                0x0000000008007bd8                HAL_RCC_OscConfig
 .text.HAL_RCC_ClockConfig
                0x0000000008008330      0x36c ./Drivers/STM32H7xx_HAL_Driver/Src/stm32h7xx_hal_rcc.o
                0x0000000008008330                HAL_RCC_ClockConfig
 .text.HAL_RCC_GetSysClockFreq
                0x000000000800869c      0x2f4 ./Drivers/STM32H7xx_HAL_Driver/Src/stm32h7xx_hal_rcc.o
                0x000000000800869c                HAL_RCC_GetSysClockFreq
 .text.HAL_RCC_GetHCLKFreq
                0x0000000008008990       0x60 ./Drivers/STM32H7xx_HAL_Driver/Src/stm32h7xx_hal_rcc.o
                0x0000000008008990                HAL_RCC_GetHCLKFreq
 .text.HAL_RCC_GetPCLK1Freq
                0x00000000080089f0       0x2c ./Drivers/STM32H7xx_HAL_Driver/Src/stm32h7xx_hal_rcc.o
                0x00000000080089f0                HAL_RCC_GetPCLK1Freq
 .text.HAL_RCC_GetPCLK2Freq
                0x0000000008008a1c       0x2c ./Drivers/STM32H7xx_HAL_Driver/Src/stm32h7xx_hal_rcc.o
                0x0000000008008a1c                HAL_RCC_GetPCLK2Freq
 .text.HAL_RCCEx_PeriphCLKConfig
                0x0000000008008a48      0xdf4 ./Drivers/STM32H7xx_HAL_Driver/Src/stm32h7xx_hal_rcc_ex.o
                0x0000000008008a48                HAL_RCCEx_PeriphCLKConfig
 .text.HAL_RCCEx_GetPeriphCLKFreq
                0x000000000800983c      0x848 ./Drivers/STM32H7xx_HAL_Driver/Src/stm32h7xx_hal_rcc_ex.o
                0x000000000800983c                HAL_RCCEx_GetPeriphCLKFreq
 .text.HAL_RCCEx_GetD3PCLK1Freq
                0x000000000800a084       0x2c ./Drivers/STM32H7xx_HAL_Driver/Src/stm32h7xx_hal_rcc_ex.o
                0x000000000800a084                HAL_RCCEx_GetD3PCLK1Freq
 .text.HAL_RCCEx_GetPLL2ClockFreq
                0x000000000800a0b0      0x2a8 ./Drivers/STM32H7xx_HAL_Driver/Src/stm32h7xx_hal_rcc_ex.o
                0x000000000800a0b0                HAL_RCCEx_GetPLL2ClockFreq
 .text.HAL_RCCEx_GetPLL3ClockFreq
                0x000000000800a358      0x2a8 ./Drivers/STM32H7xx_HAL_Driver/Src/stm32h7xx_hal_rcc_ex.o
                0x000000000800a358                HAL_RCCEx_GetPLL3ClockFreq
 .text.HAL_RCCEx_GetPLL1ClockFreq
                0x000000000800a600      0x2a4 ./Drivers/STM32H7xx_HAL_Driver/Src/stm32h7xx_hal_rcc_ex.o
                0x000000000800a600                HAL_RCCEx_GetPLL1ClockFreq
 .text.RCCEx_PLL2_Config
                0x000000000800a8a4      0x164 ./Drivers/STM32H7xx_HAL_Driver/Src/stm32h7xx_hal_rcc_ex.o
 .text.RCCEx_PLL3_Config
                0x000000000800aa08      0x164 ./Drivers/STM32H7xx_HAL_Driver/Src/stm32h7xx_hal_rcc_ex.o
 .text.HAL_UART_Init
                0x000000000800ab6c       0xa0 ./Drivers/STM32H7xx_HAL_Driver/Src/stm32h7xx_hal_uart.o
                0x000000000800ab6c                HAL_UART_Init
 .text.UART_SetConfig
                0x000000000800ac0c      0xcbc ./Drivers/STM32H7xx_HAL_Driver/Src/stm32h7xx_hal_uart.o
                0x000000000800ac0c                UART_SetConfig
 .text.UART_AdvFeatureConfig
                0x000000000800b8c8      0x144 ./Drivers/STM32H7xx_HAL_Driver/Src/stm32h7xx_hal_uart.o
                0x000000000800b8c8                UART_AdvFeatureConfig
 .text.UART_CheckIdleState
                0x000000000800ba0c       0x96 ./Drivers/STM32H7xx_HAL_Driver/Src/stm32h7xx_hal_uart.o
                0x000000000800ba0c                UART_CheckIdleState
 .text.UART_WaitOnFlagUntilTimeout
                0x000000000800baa2      0x190 ./Drivers/STM32H7xx_HAL_Driver/Src/stm32h7xx_hal_uart.o
                0x000000000800baa2                UART_WaitOnFlagUntilTimeout
 .text.HAL_UARTEx_DisableFifoMode
                0x000000000800bc32       0x72 ./Drivers/STM32H7xx_HAL_Driver/Src/stm32h7xx_hal_uart_ex.o
                0x000000000800bc32                HAL_UARTEx_DisableFifoMode
 .text.HAL_UARTEx_SetTxFifoThreshold
                0x000000000800bca4       0x7c ./Drivers/STM32H7xx_HAL_Driver/Src/stm32h7xx_hal_uart_ex.o
                0x000000000800bca4                HAL_UARTEx_SetTxFifoThreshold
 .text.HAL_UARTEx_SetRxFifoThreshold
                0x000000000800bd20       0x7c ./Drivers/STM32H7xx_HAL_Driver/Src/stm32h7xx_hal_uart_ex.o
                0x000000000800bd20                HAL_UARTEx_SetRxFifoThreshold
 .text.UARTEx_SetNbDataToProcess
                0x000000000800bd9c       0x9c ./Drivers/STM32H7xx_HAL_Driver/Src/stm32h7xx_hal_uart_ex.o
 .text.USB_CoreInit
                0x000000000800be38       0xdc ./Drivers/STM32H7xx_HAL_Driver/Src/stm32h7xx_ll_usb.o
                0x000000000800be38                USB_CoreInit
 .text.USB_SetTurnaroundTime
                0x000000000800bf14      0x144 ./Drivers/STM32H7xx_HAL_Driver/Src/stm32h7xx_ll_usb.o
                0x000000000800bf14                USB_SetTurnaroundTime
 .text.USB_EnableGlobalInt
                0x000000000800c058       0x22 ./Drivers/STM32H7xx_HAL_Driver/Src/stm32h7xx_ll_usb.o
                0x000000000800c058                USB_EnableGlobalInt
 .text.USB_DisableGlobalInt
                0x000000000800c07a       0x22 ./Drivers/STM32H7xx_HAL_Driver/Src/stm32h7xx_ll_usb.o
                0x000000000800c07a                USB_DisableGlobalInt
 .text.USB_SetCurrentMode
                0x000000000800c09c       0x98 ./Drivers/STM32H7xx_HAL_Driver/Src/stm32h7xx_ll_usb.o
                0x000000000800c09c                USB_SetCurrentMode
 .text.USB_DevInit
                0x000000000800c134      0x2bc ./Drivers/STM32H7xx_HAL_Driver/Src/stm32h7xx_ll_usb.o
                0x000000000800c134                USB_DevInit
 .text.USB_FlushTxFifo
                0x000000000800c3f0       0x64 ./Drivers/STM32H7xx_HAL_Driver/Src/stm32h7xx_ll_usb.o
                0x000000000800c3f0                USB_FlushTxFifo
 .text.USB_FlushRxFifo
                0x000000000800c454       0x5c ./Drivers/STM32H7xx_HAL_Driver/Src/stm32h7xx_ll_usb.o
                0x000000000800c454                USB_FlushRxFifo
 .text.USB_SetDevSpeed
                0x000000000800c4b0       0x32 ./Drivers/STM32H7xx_HAL_Driver/Src/stm32h7xx_ll_usb.o
                0x000000000800c4b0                USB_SetDevSpeed
 .text.USB_GetDevSpeed
                0x000000000800c4e2       0x4a ./Drivers/STM32H7xx_HAL_Driver/Src/stm32h7xx_ll_usb.o
                0x000000000800c4e2                USB_GetDevSpeed
 .text.USB_ActivateEndpoint
                0x000000000800c52c      0x110 ./Drivers/STM32H7xx_HAL_Driver/Src/stm32h7xx_ll_usb.o
                0x000000000800c52c                USB_ActivateEndpoint
 .text.USB_DeactivateEndpoint
                0x000000000800c63c      0x1b8 ./Drivers/STM32H7xx_HAL_Driver/Src/stm32h7xx_ll_usb.o
                0x000000000800c63c                USB_DeactivateEndpoint
 .text.USB_EPStartXfer
                0x000000000800c7f4      0x498 ./Drivers/STM32H7xx_HAL_Driver/Src/stm32h7xx_ll_usb.o
                0x000000000800c7f4                USB_EPStartXfer
 .text.USB_EP0StartXfer
                0x000000000800cc8c      0x2b0 ./Drivers/STM32H7xx_HAL_Driver/Src/stm32h7xx_ll_usb.o
                0x000000000800cc8c                USB_EP0StartXfer
 .text.USB_WritePacket
                0x000000000800cf3c       0x7c ./Drivers/STM32H7xx_HAL_Driver/Src/stm32h7xx_ll_usb.o
                0x000000000800cf3c                USB_WritePacket
 .text.USB_ReadPacket
                0x000000000800cfb8       0xb0 ./Drivers/STM32H7xx_HAL_Driver/Src/stm32h7xx_ll_usb.o
                0x000000000800cfb8                USB_ReadPacket
 .text.USB_EPSetStall
                0x000000000800d068       0xdc ./Drivers/STM32H7xx_HAL_Driver/Src/stm32h7xx_ll_usb.o
                0x000000000800d068                USB_EPSetStall
 .text.USB_EPClearStall
                0x000000000800d144       0xcc ./Drivers/STM32H7xx_HAL_Driver/Src/stm32h7xx_ll_usb.o
                0x000000000800d144                USB_EPClearStall
 .text.USB_SetDevAddress
                0x000000000800d210       0x4c ./Drivers/STM32H7xx_HAL_Driver/Src/stm32h7xx_ll_usb.o
                0x000000000800d210                USB_SetDevAddress
 .text.USB_DevConnect
                0x000000000800d25c       0x42 ./Drivers/STM32H7xx_HAL_Driver/Src/stm32h7xx_ll_usb.o
                0x000000000800d25c                USB_DevConnect
 .text.USB_DevDisconnect
                0x000000000800d29e       0x42 ./Drivers/STM32H7xx_HAL_Driver/Src/stm32h7xx_ll_usb.o
                0x000000000800d29e                USB_DevDisconnect
 .text.USB_ReadInterrupts
                0x000000000800d2e0       0x26 ./Drivers/STM32H7xx_HAL_Driver/Src/stm32h7xx_ll_usb.o
                0x000000000800d2e0                USB_ReadInterrupts
 .text.USB_ReadDevAllOutEpInterrupt
                0x000000000800d306       0x34 ./Drivers/STM32H7xx_HAL_Driver/Src/stm32h7xx_ll_usb.o
                0x000000000800d306                USB_ReadDevAllOutEpInterrupt
 .text.USB_ReadDevAllInEpInterrupt
                0x000000000800d33a       0x34 ./Drivers/STM32H7xx_HAL_Driver/Src/stm32h7xx_ll_usb.o
                0x000000000800d33a                USB_ReadDevAllInEpInterrupt
 .text.USB_ReadDevOutEPInterrupt
                0x000000000800d36e       0x3c ./Drivers/STM32H7xx_HAL_Driver/Src/stm32h7xx_ll_usb.o
                0x000000000800d36e                USB_ReadDevOutEPInterrupt
 .text.USB_ReadDevInEPInterrupt
                0x000000000800d3aa       0x5c ./Drivers/STM32H7xx_HAL_Driver/Src/stm32h7xx_ll_usb.o
                0x000000000800d3aa                USB_ReadDevInEPInterrupt
 .text.USB_GetMode
                0x000000000800d406       0x1c ./Drivers/STM32H7xx_HAL_Driver/Src/stm32h7xx_ll_usb.o
                0x000000000800d406                USB_GetMode
 *fill*         0x000000000800d422        0x2 
 .text.USB_ActivateSetup
                0x000000000800d424       0x48 ./Drivers/STM32H7xx_HAL_Driver/Src/stm32h7xx_ll_usb.o
                0x000000000800d424                USB_ActivateSetup
 .text.USB_EP0_OutStart
                0x000000000800d46c       0xbc ./Drivers/STM32H7xx_HAL_Driver/Src/stm32h7xx_ll_usb.o
                0x000000000800d46c                USB_EP0_OutStart
 .text.USB_CoreReset
                0x000000000800d528       0x64 ./Drivers/STM32H7xx_HAL_Driver/Src/stm32h7xx_ll_usb.o
 .text.USBD_CDC_Init
                0x000000000800d58c       0xfe ./Middlewares/ST/STM32_USB_Device_Library/Class/CDC/Src/usbd_cdc.o
 .text.USBD_CDC_DeInit
                0x000000000800d68a       0x74 ./Middlewares/ST/STM32_USB_Device_Library/Class/CDC/Src/usbd_cdc.o
 *fill*         0x000000000800d6fe        0x2 
 .text.USBD_CDC_Setup
                0x000000000800d700      0x190 ./Middlewares/ST/STM32_USB_Device_Library/Class/CDC/Src/usbd_cdc.o
 .text.USBD_CDC_DataIn
                0x000000000800d890       0xca ./Middlewares/ST/STM32_USB_Device_Library/Class/CDC/Src/usbd_cdc.o
 .text.USBD_CDC_DataOut
                0x000000000800d95a       0x56 ./Middlewares/ST/STM32_USB_Device_Library/Class/CDC/Src/usbd_cdc.o
 .text.USBD_CDC_EP0_RxReady
                0x000000000800d9b0       0x5a ./Middlewares/ST/STM32_USB_Device_Library/Class/CDC/Src/usbd_cdc.o
 *fill*         0x000000000800da0a        0x2 
 .text.USBD_CDC_GetFSCfgDesc
                0x000000000800da0c       0x20 ./Middlewares/ST/STM32_USB_Device_Library/Class/CDC/Src/usbd_cdc.o
 .text.USBD_CDC_GetHSCfgDesc
                0x000000000800da2c       0x20 ./Middlewares/ST/STM32_USB_Device_Library/Class/CDC/Src/usbd_cdc.o
 .text.USBD_CDC_GetOtherSpeedCfgDesc
                0x000000000800da4c       0x20 ./Middlewares/ST/STM32_USB_Device_Library/Class/CDC/Src/usbd_cdc.o
 .text.USBD_CDC_GetDeviceQualifierDescriptor
                0x000000000800da6c       0x20 ./Middlewares/ST/STM32_USB_Device_Library/Class/CDC/Src/usbd_cdc.o
                0x000000000800da6c                USBD_CDC_GetDeviceQualifierDescriptor
 .text.USBD_CDC_RegisterInterface
                0x000000000800da8c       0x2a ./Middlewares/ST/STM32_USB_Device_Library/Class/CDC/Src/usbd_cdc.o
                0x000000000800da8c                USBD_CDC_RegisterInterface
 .text.USBD_CDC_SetTxBuffer
                0x000000000800dab6       0x3c ./Middlewares/ST/STM32_USB_Device_Library/Class/CDC/Src/usbd_cdc.o
                0x000000000800dab6                USBD_CDC_SetTxBuffer
 .text.USBD_CDC_SetRxBuffer
                0x000000000800daf2       0x32 ./Middlewares/ST/STM32_USB_Device_Library/Class/CDC/Src/usbd_cdc.o
                0x000000000800daf2                USBD_CDC_SetRxBuffer
 .text.USBD_CDC_TransmitPacket
                0x000000000800db24       0x60 ./Middlewares/ST/STM32_USB_Device_Library/Class/CDC/Src/usbd_cdc.o
                0x000000000800db24                USBD_CDC_TransmitPacket
 .text.USBD_CDC_ReceivePacket
                0x000000000800db84       0x54 ./Middlewares/ST/STM32_USB_Device_Library/Class/CDC/Src/usbd_cdc.o
                0x000000000800db84                USBD_CDC_ReceivePacket
 .text.USBD_Init
                0x000000000800dbd8       0x60 ./Middlewares/ST/STM32_USB_Device_Library/Core/Src/usbd_core.o
                0x000000000800dbd8                USBD_Init
 .text.USBD_RegisterClass
                0x000000000800dc38       0x4e ./Middlewares/ST/STM32_USB_Device_Library/Core/Src/usbd_core.o
                0x000000000800dc38                USBD_RegisterClass
 .text.USBD_Start
                0x000000000800dc86       0x18 ./Middlewares/ST/STM32_USB_Device_Library/Core/Src/usbd_core.o
                0x000000000800dc86                USBD_Start
 .text.USBD_RunTestMode
                0x000000000800dc9e       0x16 ./Middlewares/ST/STM32_USB_Device_Library/Core/Src/usbd_core.o
                0x000000000800dc9e                USBD_RunTestMode
 .text.USBD_SetClassConfig
                0x000000000800dcb4       0x38 ./Middlewares/ST/STM32_USB_Device_Library/Core/Src/usbd_core.o
                0x000000000800dcb4                USBD_SetClassConfig
 .text.USBD_ClrClassConfig
                0x000000000800dcec       0x30 ./Middlewares/ST/STM32_USB_Device_Library/Core/Src/usbd_core.o
                0x000000000800dcec                USBD_ClrClassConfig
 .text.USBD_LL_SetupStage
                0x000000000800dd1c       0xaa ./Middlewares/ST/STM32_USB_Device_Library/Core/Src/usbd_core.o
                0x000000000800dd1c                USBD_LL_SetupStage
 .text.USBD_LL_DataOutStage
                0x000000000800ddc6       0xc6 ./Middlewares/ST/STM32_USB_Device_Library/Core/Src/usbd_core.o
                0x000000000800ddc6                USBD_LL_DataOutStage
 .text.USBD_LL_DataInStage
                0x000000000800de8c      0x12c ./Middlewares/ST/STM32_USB_Device_Library/Core/Src/usbd_core.o
                0x000000000800de8c                USBD_LL_DataInStage
 .text.USBD_LL_Reset
                0x000000000800dfb8       0x9c ./Middlewares/ST/STM32_USB_Device_Library/Core/Src/usbd_core.o
                0x000000000800dfb8                USBD_LL_Reset
 .text.USBD_LL_SetSpeed
                0x000000000800e054       0x20 ./Middlewares/ST/STM32_USB_Device_Library/Core/Src/usbd_core.o
                0x000000000800e054                USBD_LL_SetSpeed
 .text.USBD_LL_Suspend
                0x000000000800e074       0x2c ./Middlewares/ST/STM32_USB_Device_Library/Core/Src/usbd_core.o
                0x000000000800e074                USBD_LL_Suspend
 .text.USBD_LL_Resume
                0x000000000800e0a0       0x30 ./Middlewares/ST/STM32_USB_Device_Library/Core/Src/usbd_core.o
                0x000000000800e0a0                USBD_LL_Resume
 .text.USBD_LL_SOF
                0x000000000800e0d0       0x44 ./Middlewares/ST/STM32_USB_Device_Library/Core/Src/usbd_core.o
                0x000000000800e0d0                USBD_LL_SOF
 .text.USBD_LL_IsoINIncomplete
                0x000000000800e114       0x4c ./Middlewares/ST/STM32_USB_Device_Library/Core/Src/usbd_core.o
                0x000000000800e114                USBD_LL_IsoINIncomplete
 .text.USBD_LL_IsoOUTIncomplete
                0x000000000800e160       0x4c ./Middlewares/ST/STM32_USB_Device_Library/Core/Src/usbd_core.o
                0x000000000800e160                USBD_LL_IsoOUTIncomplete
 .text.USBD_LL_DevConnected
                0x000000000800e1ac       0x16 ./Middlewares/ST/STM32_USB_Device_Library/Core/Src/usbd_core.o
                0x000000000800e1ac                USBD_LL_DevConnected
 .text.USBD_LL_DevDisconnected
                0x000000000800e1c2       0x38 ./Middlewares/ST/STM32_USB_Device_Library/Core/Src/usbd_core.o
                0x000000000800e1c2                USBD_LL_DevDisconnected
 .text.SWAPBYTE
                0x000000000800e1fa       0x3c ./Middlewares/ST/STM32_USB_Device_Library/Core/Src/usbd_ctlreq.o
 *fill*         0x000000000800e236        0x2 
 .text.USBD_StdDevReq
                0x000000000800e238       0xdc ./Middlewares/ST/STM32_USB_Device_Library/Core/Src/usbd_ctlreq.o
                0x000000000800e238                USBD_StdDevReq
 .text.USBD_StdItfReq
                0x000000000800e314       0x92 ./Middlewares/ST/STM32_USB_Device_Library/Core/Src/usbd_ctlreq.o
                0x000000000800e314                USBD_StdItfReq
 .text.USBD_StdEPReq
                0x000000000800e3a6      0x2c4 ./Middlewares/ST/STM32_USB_Device_Library/Core/Src/usbd_ctlreq.o
                0x000000000800e3a6                USBD_StdEPReq
 *fill*         0x000000000800e66a        0x2 
 .text.USBD_GetDescriptor
                0x000000000800e66c      0x2d4 ./Middlewares/ST/STM32_USB_Device_Library/Core/Src/usbd_ctlreq.o
 .text.USBD_SetAddress
                0x000000000800e940       0x88 ./Middlewares/ST/STM32_USB_Device_Library/Core/Src/usbd_ctlreq.o
 .text.USBD_SetConfig
                0x000000000800e9c8      0x14c ./Middlewares/ST/STM32_USB_Device_Library/Core/Src/usbd_ctlreq.o
 .text.USBD_GetConfig
                0x000000000800eb14       0x6c ./Middlewares/ST/STM32_USB_Device_Library/Core/Src/usbd_ctlreq.o
 .text.USBD_GetStatus
                0x000000000800eb80       0x68 ./Middlewares/ST/STM32_USB_Device_Library/Core/Src/usbd_ctlreq.o
 .text.USBD_SetFeature
                0x000000000800ebe8       0x28 ./Middlewares/ST/STM32_USB_Device_Library/Core/Src/usbd_ctlreq.o
 .text.USBD_ClrFeature
                0x000000000800ec10       0x44 ./Middlewares/ST/STM32_USB_Device_Library/Core/Src/usbd_ctlreq.o
 .text.USBD_ParseSetupRequest
                0x000000000800ec54       0x74 ./Middlewares/ST/STM32_USB_Device_Library/Core/Src/usbd_ctlreq.o
                0x000000000800ec54                USBD_ParseSetupRequest
 .text.USBD_CtlError
                0x000000000800ecc8       0x22 ./Middlewares/ST/STM32_USB_Device_Library/Core/Src/usbd_ctlreq.o
                0x000000000800ecc8                USBD_CtlError
 .text.USBD_GetString
                0x000000000800ecea       0x8c ./Middlewares/ST/STM32_USB_Device_Library/Core/Src/usbd_ctlreq.o
                0x000000000800ecea                USBD_GetString
 .text.USBD_GetLen
                0x000000000800ed76       0x34 ./Middlewares/ST/STM32_USB_Device_Library/Core/Src/usbd_ctlreq.o
 .text.USBD_CtlSendData
                0x000000000800edaa       0x36 ./Middlewares/ST/STM32_USB_Device_Library/Core/Src/usbd_ioreq.o
                0x000000000800edaa                USBD_CtlSendData
 .text.USBD_CtlContinueSendData
                0x000000000800ede0       0x22 ./Middlewares/ST/STM32_USB_Device_Library/Core/Src/usbd_ioreq.o
                0x000000000800ede0                USBD_CtlContinueSendData
 .text.USBD_CtlPrepareRx
                0x000000000800ee02       0x3a ./Middlewares/ST/STM32_USB_Device_Library/Core/Src/usbd_ioreq.o
                0x000000000800ee02                USBD_CtlPrepareRx
 .text.USBD_CtlContinueRx
                0x000000000800ee3c       0x22 ./Middlewares/ST/STM32_USB_Device_Library/Core/Src/usbd_ioreq.o
                0x000000000800ee3c                USBD_CtlContinueRx
 .text.USBD_CtlSendStatus
                0x000000000800ee5e       0x26 ./Middlewares/ST/STM32_USB_Device_Library/Core/Src/usbd_ioreq.o
                0x000000000800ee5e                USBD_CtlSendStatus
 .text.USBD_CtlReceiveStatus
                0x000000000800ee84       0x26 ./Middlewares/ST/STM32_USB_Device_Library/Core/Src/usbd_ioreq.o
                0x000000000800ee84                USBD_CtlReceiveStatus
 *fill*         0x000000000800eeaa        0x2 
 .text.MX_USB_DEVICE_Init
                0x000000000800eeac       0x64 ./USB_DEVICE/App/usb_device.o
                0x000000000800eeac                MX_USB_DEVICE_Init
 .text.CDC_Init_HS
                0x000000000800ef10       0x28 ./USB_DEVICE/App/usbd_cdc_if.o
 .text.CDC_DeInit_HS
                0x000000000800ef38       0x10 ./USB_DEVICE/App/usbd_cdc_if.o
 .text.CDC_Control_HS
                0x000000000800ef48       0xbc ./USB_DEVICE/App/usbd_cdc_if.o
 .text.CDC_Receive_HS
                0x000000000800f004       0x54 ./USB_DEVICE/App/usbd_cdc_if.o
 .text.CDC_Transmit_HS
                0x000000000800f058       0x4c ./USB_DEVICE/App/usbd_cdc_if.o
                0x000000000800f058                CDC_Transmit_HS
 .text.CDC_TransmitCplt_HS
                0x000000000800f0a4       0x22 ./USB_DEVICE/App/usbd_cdc_if.o
 *fill*         0x000000000800f0c6        0x2 
 .text.USBD_HS_DeviceDescriptor
                0x000000000800f0c8       0x24 ./USB_DEVICE/App/usbd_desc.o
                0x000000000800f0c8                USBD_HS_DeviceDescriptor
 .text.USBD_HS_LangIDStrDescriptor
                0x000000000800f0ec       0x24 ./USB_DEVICE/App/usbd_desc.o
                0x000000000800f0ec                USBD_HS_LangIDStrDescriptor
 .text.USBD_HS_ProductStrDescriptor
                0x000000000800f110       0x3c ./USB_DEVICE/App/usbd_desc.o
                0x000000000800f110                USBD_HS_ProductStrDescriptor
 .text.USBD_HS_ManufacturerStrDescriptor
                0x000000000800f14c       0x28 ./USB_DEVICE/App/usbd_desc.o
                0x000000000800f14c                USBD_HS_ManufacturerStrDescriptor
 .text.USBD_HS_SerialStrDescriptor
                0x000000000800f174       0x24 ./USB_DEVICE/App/usbd_desc.o
                0x000000000800f174                USBD_HS_SerialStrDescriptor
 .text.USBD_HS_ConfigStrDescriptor
                0x000000000800f198       0x3c ./USB_DEVICE/App/usbd_desc.o
                0x000000000800f198                USBD_HS_ConfigStrDescriptor
 .text.USBD_HS_InterfaceStrDescriptor
                0x000000000800f1d4       0x3c ./USB_DEVICE/App/usbd_desc.o
                0x000000000800f1d4                USBD_HS_InterfaceStrDescriptor
 .text.Get_SerialNum
                0x000000000800f210       0x58 ./USB_DEVICE/App/usbd_desc.o
 .text.IntToUnicode
                0x000000000800f268       0x7e ./USB_DEVICE/App/usbd_desc.o
 *fill*         0x000000000800f2e6        0x2 
 .text.HAL_PCD_MspInit
                0x000000000800f2e8      0x104 ./USB_DEVICE/Target/usbd_conf.o
                0x000000000800f2e8                HAL_PCD_MspInit
 .text.HAL_PCD_SetupStageCallback
                0x000000000800f3ec       0x24 ./USB_DEVICE/Target/usbd_conf.o
                0x000000000800f3ec                HAL_PCD_SetupStageCallback
 .text.HAL_PCD_DataOutStageCallback
                0x000000000800f410       0x36 ./USB_DEVICE/Target/usbd_conf.o
                0x000000000800f410                HAL_PCD_DataOutStageCallback
 .text.HAL_PCD_DataInStageCallback
                0x000000000800f446       0x34 ./USB_DEVICE/Target/usbd_conf.o
                0x000000000800f446                HAL_PCD_DataInStageCallback
 .text.HAL_PCD_SOFCallback
                0x000000000800f47a       0x1c ./USB_DEVICE/Target/usbd_conf.o
                0x000000000800f47a                HAL_PCD_SOFCallback
 .text.HAL_PCD_ResetCallback
                0x000000000800f496       0x50 ./USB_DEVICE/Target/usbd_conf.o
                0x000000000800f496                HAL_PCD_ResetCallback
 *fill*         0x000000000800f4e6        0x2 
 .text.HAL_PCD_SuspendCallback
                0x000000000800f4e8       0x4c ./USB_DEVICE/Target/usbd_conf.o
                0x000000000800f4e8                HAL_PCD_SuspendCallback
 .text.HAL_PCD_ResumeCallback
                0x000000000800f534       0x1c ./USB_DEVICE/Target/usbd_conf.o
                0x000000000800f534                HAL_PCD_ResumeCallback
 .text.HAL_PCD_ISOOUTIncompleteCallback
                0x000000000800f550       0x24 ./USB_DEVICE/Target/usbd_conf.o
                0x000000000800f550                HAL_PCD_ISOOUTIncompleteCallback
 .text.HAL_PCD_ISOINIncompleteCallback
                0x000000000800f574       0x24 ./USB_DEVICE/Target/usbd_conf.o
                0x000000000800f574                HAL_PCD_ISOINIncompleteCallback
 .text.HAL_PCD_ConnectCallback
                0x000000000800f598       0x1c ./USB_DEVICE/Target/usbd_conf.o
                0x000000000800f598                HAL_PCD_ConnectCallback
 .text.HAL_PCD_DisconnectCallback
                0x000000000800f5b4       0x1c ./USB_DEVICE/Target/usbd_conf.o
                0x000000000800f5b4                HAL_PCD_DisconnectCallback
 .text.USBD_LL_Init
                0x000000000800f5d0       0xac ./USB_DEVICE/Target/usbd_conf.o
                0x000000000800f5d0                USBD_LL_Init
 .text.USBD_LL_Start
                0x000000000800f67c       0x36 ./USB_DEVICE/Target/usbd_conf.o
                0x000000000800f67c                USBD_LL_Start
 .text.USBD_LL_OpenEP
                0x000000000800f6b2       0x4c ./USB_DEVICE/Target/usbd_conf.o
                0x000000000800f6b2                USBD_LL_OpenEP
 .text.USBD_LL_CloseEP
                0x000000000800f6fe       0x3e ./USB_DEVICE/Target/usbd_conf.o
                0x000000000800f6fe                USBD_LL_CloseEP
 .text.USBD_LL_StallEP
                0x000000000800f73c       0x3e ./USB_DEVICE/Target/usbd_conf.o
                0x000000000800f73c                USBD_LL_StallEP
 .text.USBD_LL_ClearStallEP
                0x000000000800f77a       0x3e ./USB_DEVICE/Target/usbd_conf.o
                0x000000000800f77a                USBD_LL_ClearStallEP
 .text.USBD_LL_IsStallEP
                0x000000000800f7b8       0x58 ./USB_DEVICE/Target/usbd_conf.o
                0x000000000800f7b8                USBD_LL_IsStallEP
 .text.USBD_LL_SetUSBAddress
                0x000000000800f810       0x3e ./USB_DEVICE/Target/usbd_conf.o
                0x000000000800f810                USBD_LL_SetUSBAddress
 .text.USBD_LL_Transmit
                0x000000000800f84e       0x42 ./USB_DEVICE/Target/usbd_conf.o
                0x000000000800f84e                USBD_LL_Transmit
 .text.USBD_LL_PrepareReceive
                0x000000000800f890       0x42 ./USB_DEVICE/Target/usbd_conf.o
                0x000000000800f890                USBD_LL_PrepareReceive
 .text.USBD_LL_GetRxDataSize
                0x000000000800f8d2       0x26 ./USB_DEVICE/Target/usbd_conf.o
                0x000000000800f8d2                USBD_LL_GetRxDataSize
 .text.USBD_static_malloc
                0x000000000800f8f8       0x1c ./USB_DEVICE/Target/usbd_conf.o
                0x000000000800f8f8                USBD_static_malloc
 .text.USBD_static_free
                0x000000000800f914       0x14 ./USB_DEVICE/Target/usbd_conf.o
                0x000000000800f914                USBD_static_free
 .text.USBD_Get_USB_Status
                0x000000000800f928       0x58 ./USB_DEVICE/Target/usbd_conf.o
                0x000000000800f928                USBD_Get_USB_Status
 .text.__libc_init_array
                0x000000000800f980       0x48 c:/st/stm32cubeide_1.8.0/stm32cubeide/plugins/com.st.stm32cube.ide.mcu.externaltools.gnu-tools-for-stm32.9-2020-q2-update.win32_2.0.0.202105311346/tools/bin/../lib/gcc/arm-none-eabi/9.3.1/../../../../arm-none-eabi/lib/thumb/v7e-m+dp/hard\libc_nano.a(lib_a-init.o)
                0x000000000800f980                __libc_init_array
 .text.__itoa   0x000000000800f9c8       0x30 c:/st/stm32cubeide_1.8.0/stm32cubeide/plugins/com.st.stm32cube.ide.mcu.externaltools.gnu-tools-for-stm32.9-2020-q2-update.win32_2.0.0.202105311346/tools/bin/../lib/gcc/arm-none-eabi/9.3.1/../../../../arm-none-eabi/lib/thumb/v7e-m+dp/hard\libc_nano.a(lib_a-itoa.o)
                0x000000000800f9c8                __itoa
 .text.itoa     0x000000000800f9f8        0x4 c:/st/stm32cubeide_1.8.0/stm32cubeide/plugins/com.st.stm32cube.ide.mcu.externaltools.gnu-tools-for-stm32.9-2020-q2-update.win32_2.0.0.202105311346/tools/bin/../lib/gcc/arm-none-eabi/9.3.1/../../../../arm-none-eabi/lib/thumb/v7e-m+dp/hard\libc_nano.a(lib_a-itoa.o)
                0x000000000800f9f8                itoa
 .text.memcpy   0x000000000800f9fc       0x1c c:/st/stm32cubeide_1.8.0/stm32cubeide/plugins/com.st.stm32cube.ide.mcu.externaltools.gnu-tools-for-stm32.9-2020-q2-update.win32_2.0.0.202105311346/tools/bin/../lib/gcc/arm-none-eabi/9.3.1/../../../../arm-none-eabi/lib/thumb/v7e-m+dp/hard\libc_nano.a(lib_a-memcpy-stub.o)
                0x000000000800f9fc                memcpy
 .text.memset   0x000000000800fa18       0x10 c:/st/stm32cubeide_1.8.0/stm32cubeide/plugins/com.st.stm32cube.ide.mcu.externaltools.gnu-tools-for-stm32.9-2020-q2-update.win32_2.0.0.202105311346/tools/bin/../lib/gcc/arm-none-eabi/9.3.1/../../../../arm-none-eabi/lib/thumb/v7e-m+dp/hard\libc_nano.a(lib_a-memset.o)
                0x000000000800fa18                memset
 .text.__utoa   0x000000000800fa28       0x84 c:/st/stm32cubeide_1.8.0/stm32cubeide/plugins/com.st.stm32cube.ide.mcu.externaltools.gnu-tools-for-stm32.9-2020-q2-update.win32_2.0.0.202105311346/tools/bin/../lib/gcc/arm-none-eabi/9.3.1/../../../../arm-none-eabi/lib/thumb/v7e-m+dp/hard\libc_nano.a(lib_a-utoa.o)
                0x000000000800fa28                __utoa
 *(.glue_7)
 .glue_7        0x000000000800faac        0x0 linker stubs
 *(.glue_7t)
 .glue_7t       0x000000000800faac        0x0 linker stubs
 *(.eh_frame)
 .eh_frame      0x000000000800faac        0x0 c:/st/stm32cubeide_1.8.0/stm32cubeide/plugins/com.st.stm32cube.ide.mcu.externaltools.gnu-tools-for-stm32.9-2020-q2-update.win32_2.0.0.202105311346/tools/bin/../lib/gcc/arm-none-eabi/9.3.1/thumb/v7e-m+dp/hard/crtbegin.o
 *(.init)
 .init          0x000000000800faac        0x4 c:/st/stm32cubeide_1.8.0/stm32cubeide/plugins/com.st.stm32cube.ide.mcu.externaltools.gnu-tools-for-stm32.9-2020-q2-update.win32_2.0.0.202105311346/tools/bin/../lib/gcc/arm-none-eabi/9.3.1/thumb/v7e-m+dp/hard/crti.o
                0x000000000800faac                _init
 .init          0x000000000800fab0        0x8 c:/st/stm32cubeide_1.8.0/stm32cubeide/plugins/com.st.stm32cube.ide.mcu.externaltools.gnu-tools-for-stm32.9-2020-q2-update.win32_2.0.0.202105311346/tools/bin/../lib/gcc/arm-none-eabi/9.3.1/thumb/v7e-m+dp/hard/crtn.o
 *(.fini)
 .fini          0x000000000800fab8        0x4 c:/st/stm32cubeide_1.8.0/stm32cubeide/plugins/com.st.stm32cube.ide.mcu.externaltools.gnu-tools-for-stm32.9-2020-q2-update.win32_2.0.0.202105311346/tools/bin/../lib/gcc/arm-none-eabi/9.3.1/thumb/v7e-m+dp/hard/crti.o
                0x000000000800fab8                _fini
 .fini          0x000000000800fabc        0x8 c:/st/stm32cubeide_1.8.0/stm32cubeide/plugins/com.st.stm32cube.ide.mcu.externaltools.gnu-tools-for-stm32.9-2020-q2-update.win32_2.0.0.202105311346/tools/bin/../lib/gcc/arm-none-eabi/9.3.1/thumb/v7e-m+dp/hard/crtn.o
                0x000000000800fac4                . = ALIGN (0x4)
                0x000000000800fac4                _etext = .

.vfp11_veneer   0x000000000800fac4        0x0
 .vfp11_veneer  0x000000000800fac4        0x0 linker stubs

.v4_bx          0x000000000800fac4        0x0
 .v4_bx         0x000000000800fac4        0x0 linker stubs

.iplt           0x000000000800fac4        0x0
 .iplt          0x000000000800fac4        0x0 c:/st/stm32cubeide_1.8.0/stm32cubeide/plugins/com.st.stm32cube.ide.mcu.externaltools.gnu-tools-for-stm32.9-2020-q2-update.win32_2.0.0.202105311346/tools/bin/../lib/gcc/arm-none-eabi/9.3.1/thumb/v7e-m+dp/hard/crtbegin.o

.rodata         0x000000000800fac4       0xb0
                0x000000000800fac4                . = ALIGN (0x4)
 *(.rodata)
 .rodata        0x000000000800fac4       0x46 ./USB_DEVICE/App/usbd_desc.o
 *(.rodata*)
 *fill*         0x000000000800fb0a        0x2 
 .rodata.D1CorePrescTable
                0x000000000800fb0c       0x10 ./Core/Src/system_stm32h7xx.o
                0x000000000800fb0c                D1CorePrescTable
 .rodata.flagBitshiftOffset.12301
                0x000000000800fb1c        0x8 ./Drivers/STM32H7xx_HAL_Driver/Src/stm32h7xx_hal_dma.o
 .rodata.UARTPrescTable
                0x000000000800fb24       0x18 ./Drivers/STM32H7xx_HAL_Driver/Src/stm32h7xx_hal_uart.o
                0x000000000800fb24                UARTPrescTable
 .rodata.numerator.12268
                0x000000000800fb3c        0x8 ./Drivers/STM32H7xx_HAL_Driver/Src/stm32h7xx_hal_uart_ex.o
 .rodata.denominator.12269
                0x000000000800fb44        0x8 ./Drivers/STM32H7xx_HAL_Driver/Src/stm32h7xx_hal_uart_ex.o
 .rodata.__utoa.str1.1
                0x000000000800fb4c       0x25 c:/st/stm32cubeide_1.8.0/stm32cubeide/plugins/com.st.stm32cube.ide.mcu.externaltools.gnu-tools-for-stm32.9-2020-q2-update.win32_2.0.0.202105311346/tools/bin/../lib/gcc/arm-none-eabi/9.3.1/../../../../arm-none-eabi/lib/thumb/v7e-m+dp/hard\libc_nano.a(lib_a-utoa.o)
                0x000000000800fb74                . = ALIGN (0x4)
 *fill*         0x000000000800fb71        0x3 

.ARM.extab
 *(.ARM.extab* .gnu.linkonce.armextab.*)

.ARM            0x000000000800fb74        0x8
                0x000000000800fb74                __exidx_start = .
 *(.ARM.exidx*)
 .ARM.exidx     0x000000000800fb74        0x8 c:/st/stm32cubeide_1.8.0/stm32cubeide/plugins/com.st.stm32cube.ide.mcu.externaltools.gnu-tools-for-stm32.9-2020-q2-update.win32_2.0.0.202105311346/tools/bin/../lib/gcc/arm-none-eabi/9.3.1/thumb/v7e-m+dp/hard\libgcc.a(_udivmoddi4.o)
                0x000000000800fb7c                __exidx_end = .

.rel.dyn        0x000000000800fb7c        0x0
 .rel.iplt      0x000000000800fb7c        0x0 c:/st/stm32cubeide_1.8.0/stm32cubeide/plugins/com.st.stm32cube.ide.mcu.externaltools.gnu-tools-for-stm32.9-2020-q2-update.win32_2.0.0.202105311346/tools/bin/../lib/gcc/arm-none-eabi/9.3.1/thumb/v7e-m+dp/hard/crtbegin.o

.preinit_array  0x000000000800fb7c        0x0
                0x000000000800fb7c                PROVIDE (__preinit_array_start = .)
 *(.preinit_array*)
                0x000000000800fb7c                PROVIDE (__preinit_array_end = .)

.init_array     0x000000000800fb7c        0x4
                0x000000000800fb7c                PROVIDE (__init_array_start = .)
 *(SORT_BY_NAME(.init_array.*))
 *(.init_array*)
 .init_array    0x000000000800fb7c        0x4 c:/st/stm32cubeide_1.8.0/stm32cubeide/plugins/com.st.stm32cube.ide.mcu.externaltools.gnu-tools-for-stm32.9-2020-q2-update.win32_2.0.0.202105311346/tools/bin/../lib/gcc/arm-none-eabi/9.3.1/thumb/v7e-m+dp/hard/crtbegin.o
                0x000000000800fb80                PROVIDE (__init_array_end = .)

.fini_array     0x000000000800fb80        0x4
                [!provide]                        PROVIDE (__fini_array_start = .)
 *(SORT_BY_NAME(.fini_array.*))
 *(.fini_array*)
 .fini_array    0x000000000800fb80        0x4 c:/st/stm32cubeide_1.8.0/stm32cubeide/plugins/com.st.stm32cube.ide.mcu.externaltools.gnu-tools-for-stm32.9-2020-q2-update.win32_2.0.0.202105311346/tools/bin/../lib/gcc/arm-none-eabi/9.3.1/thumb/v7e-m+dp/hard/crtbegin.o
                [!provide]                        PROVIDE (__fini_array_end = .)
                0x000000000800fb84                _sidata = LOADADDR (.data)

.data           0x0000000024000000      0x184 load address 0x000000000800fb84
                0x0000000024000000                . = ALIGN (0x4)
                0x0000000024000000                _sdata = .
 *(.data)
 *(.data*)
 .data.SystemCoreClock
                0x0000000024000000        0x4 ./Core/Src/system_stm32h7xx.o
                0x0000000024000000                SystemCoreClock
 .data.SystemD2Clock
                0x0000000024000004        0x4 ./Core/Src/system_stm32h7xx.o
                0x0000000024000004                SystemD2Clock
 .data.uwTickPrio
                0x0000000024000008        0x4 ./Drivers/STM32H7xx_HAL_Driver/Src/stm32h7xx_hal.o
                0x0000000024000008                uwTickPrio
 .data.uwTickFreq
                0x000000002400000c        0x1 ./Drivers/STM32H7xx_HAL_Driver/Src/stm32h7xx_hal.o
                0x000000002400000c                uwTickFreq
 *fill*         0x000000002400000d        0x3 
 .data.USBD_CDC_DeviceQualifierDesc
                0x0000000024000010        0xa ./Middlewares/ST/STM32_USB_Device_Library/Class/CDC/Src/usbd_cdc.o
 *fill*         0x000000002400001a        0x2 
 .data.USBD_CDC
                0x000000002400001c       0x38 ./Middlewares/ST/STM32_USB_Device_Library/Class/CDC/Src/usbd_cdc.o
                0x000000002400001c                USBD_CDC
 .data.USBD_CDC_CfgHSDesc
                0x0000000024000054       0x43 ./Middlewares/ST/STM32_USB_Device_Library/Class/CDC/Src/usbd_cdc.o
 *fill*         0x0000000024000097        0x1 
 .data.USBD_CDC_CfgFSDesc
                0x0000000024000098       0x43 ./Middlewares/ST/STM32_USB_Device_Library/Class/CDC/Src/usbd_cdc.o
 *fill*         0x00000000240000db        0x1 
 .data.USBD_CDC_OtherSpeedCfgDesc
                0x00000000240000dc       0x43 ./Middlewares/ST/STM32_USB_Device_Library/Class/CDC/Src/usbd_cdc.o
 *fill*         0x000000002400011f        0x1 
 .data.USBD_Interface_fops_HS
                0x0000000024000120       0x14 ./USB_DEVICE/App/usbd_cdc_if.o
                0x0000000024000120                USBD_Interface_fops_HS
 .data.HS_Desc  0x0000000024000134       0x1c ./USB_DEVICE/App/usbd_desc.o
                0x0000000024000134                HS_Desc
 .data.USBD_HS_DeviceDesc
                0x0000000024000150       0x12 ./USB_DEVICE/App/usbd_desc.o
                0x0000000024000150                USBD_HS_DeviceDesc
 *fill*         0x0000000024000162        0x2 
 .data.USBD_LangIDDesc
                0x0000000024000164        0x4 ./USB_DEVICE/App/usbd_desc.o
                0x0000000024000164                USBD_LangIDDesc
 .data.USBD_StringSerial
                0x0000000024000168       0x1a ./USB_DEVICE/App/usbd_desc.o
                0x0000000024000168                USBD_StringSerial
 *(.RamFunc)
 *(.RamFunc*)
                0x0000000024000184                . = ALIGN (0x4)
 *fill*         0x0000000024000182        0x2 
                0x0000000024000184                _edata = .

.igot.plt       0x0000000024000184        0x0 load address 0x000000000800fd08
 .igot.plt      0x0000000024000184        0x0 c:/st/stm32cubeide_1.8.0/stm32cubeide/plugins/com.st.stm32cube.ide.mcu.externaltools.gnu-tools-for-stm32.9-2020-q2-update.win32_2.0.0.202105311346/tools/bin/../lib/gcc/arm-none-eabi/9.3.1/thumb/v7e-m+dp/hard/crtbegin.o

.RxDecripSection
                0x0000000024000184       0x60 load address 0x000000000800fd08
 .RxDecripSection
                0x0000000024000184       0x60 ./Core/Src/main.o
                0x0000000024000184                DMARxDscrTab

.TxDecripSection
                0x00000000240001e4       0x60 load address 0x000000000800fd68
 .TxDecripSection
                0x00000000240001e4       0x60 ./Core/Src/main.o
                0x00000000240001e4                DMATxDscrTab
                0x0000000024000244                . = ALIGN (0x4)

.bss            0x0000000024000244     0x1db8 load address 0x000000000800fdc8
                0x0000000024000244                _sbss = .
                0x0000000024000244                __bss_start__ = _sbss
 *(.bss)
 .bss           0x0000000024000244       0x1c c:/st/stm32cubeide_1.8.0/stm32cubeide/plugins/com.st.stm32cube.ide.mcu.externaltools.gnu-tools-for-stm32.9-2020-q2-update.win32_2.0.0.202105311346/tools/bin/../lib/gcc/arm-none-eabi/9.3.1/thumb/v7e-m+dp/hard/crtbegin.o
 *(.bss*)
 .bss.value_dac
                0x0000000024000260        0x4 ./Core/Src/main.o
                0x0000000024000260                value_dac
 .bss.MACAddr.13995
                0x0000000024000264        0x6 ./Core/Src/main.o
 .bss.cfgidx.14006
                0x000000002400026a        0x1 ./Middlewares/ST/STM32_USB_Device_Library/Core/Src/usbd_ctlreq.o
 *fill*         0x000000002400026b        0x1 
 .bss.mem.14074
                0x000000002400026c      0x220 ./USB_DEVICE/Target/usbd_conf.o
 *(COMMON)
 COMMON         0x000000002400048c      0x294 ./Core/Src/main.o
                0x000000002400048c                hdac1
                0x00000000240004a0                huart3
                0x0000000024000530                hadc1
                0x00000000240005a0                buffer
                0x00000000240005e0                value_adc
                0x00000000240005e4                hdma_adc1
                0x000000002400065c                data
                0x0000000024000664                heth
                0x00000000240006ec                TxConfig
 COMMON         0x0000000024000720        0x4 ./Drivers/STM32H7xx_HAL_Driver/Src/stm32h7xx_hal.o
                0x0000000024000720                uwTick
 COMMON         0x0000000024000724      0x2d0 ./USB_DEVICE/App/usb_device.o
                0x0000000024000724                hUsbDeviceHS
 COMMON         0x00000000240009f4     0x1000 ./USB_DEVICE/App/usbd_cdc_if.o
                0x00000000240009f4                UserRxBufferHS
                0x00000000240011f4                UserTxBufferHS
 COMMON         0x00000000240019f4      0x200 ./USB_DEVICE/App/usbd_desc.o
                0x00000000240019f4                USBD_StrDesc
 COMMON         0x0000000024001bf4      0x408 ./USB_DEVICE/Target/usbd_conf.o
                0x0000000024001bf4                hpcd_USB_OTG_HS
                0x0000000024001ffc                . = ALIGN (0x4)
                0x0000000024001ffc                _ebss = .
                0x0000000024001ffc                __bss_end__ = _ebss

._user_heap_stack
                0x0000000024001ffc      0x604 load address 0x000000000800fdc8
                0x0000000024002000                . = ALIGN (0x8)
 *fill*         0x0000000024001ffc        0x4 
                [!provide]                        PROVIDE (end = .)
                0x0000000024002000                PROVIDE (_end = .)
                0x0000000024002200                . = (. + _Min_Heap_Size)
 *fill*         0x0000000024002000      0x200 
                0x0000000024002600                . = (. + _Min_Stack_Size)
 *fill*         0x0000000024002200      0x400 
                0x0000000024002600                . = ALIGN (0x8)

/DISCARD/
 libc.a(*)
 libm.a(*)
 libgcc.a(*)

.ARM.attributes
                0x0000000000000000       0x2e
 *(.ARM.attributes)
 .ARM.attributes
                0x0000000000000000       0x1e c:/st/stm32cubeide_1.8.0/stm32cubeide/plugins/com.st.stm32cube.ide.mcu.externaltools.gnu-tools-for-stm32.9-2020-q2-update.win32_2.0.0.202105311346/tools/bin/../lib/gcc/arm-none-eabi/9.3.1/thumb/v7e-m+dp/hard/crti.o
 .ARM.attributes
                0x000000000000001e       0x32 c:/st/stm32cubeide_1.8.0/stm32cubeide/plugins/com.st.stm32cube.ide.mcu.externaltools.gnu-tools-for-stm32.9-2020-q2-update.win32_2.0.0.202105311346/tools/bin/../lib/gcc/arm-none-eabi/9.3.1/thumb/v7e-m+dp/hard/crtbegin.o
 .ARM.attributes
                0x0000000000000050       0x32 ./Core/Src/main.o
 .ARM.attributes
                0x0000000000000082       0x32 ./Core/Src/stm32h7xx_hal_msp.o
 .ARM.attributes
                0x00000000000000b4       0x32 ./Core/Src/stm32h7xx_it.o
 .ARM.attributes
                0x00000000000000e6       0x32 ./Core/Src/system_stm32h7xx.o
 .ARM.attributes
                0x0000000000000118       0x21 ./Core/Startup/startup_stm32h723zgtx.o
 .ARM.attributes
                0x0000000000000139       0x32 ./Drivers/STM32H7xx_HAL_Driver/Src/stm32h7xx_hal.o
 .ARM.attributes
                0x000000000000016b       0x32 ./Drivers/STM32H7xx_HAL_Driver/Src/stm32h7xx_hal_adc.o
 .ARM.attributes
                0x000000000000019d       0x32 ./Drivers/STM32H7xx_HAL_Driver/Src/stm32h7xx_hal_adc_ex.o
 .ARM.attributes
                0x00000000000001cf       0x32 ./Drivers/STM32H7xx_HAL_Driver/Src/stm32h7xx_hal_cortex.o
 .ARM.attributes
                0x0000000000000201       0x32 ./Drivers/STM32H7xx_HAL_Driver/Src/stm32h7xx_hal_dac.o
 .ARM.attributes
                0x0000000000000233       0x32 ./Drivers/STM32H7xx_HAL_Driver/Src/stm32h7xx_hal_dma.o
 .ARM.attributes
                0x0000000000000265       0x32 ./Drivers/STM32H7xx_HAL_Driver/Src/stm32h7xx_hal_eth.o
 .ARM.attributes
                0x0000000000000297       0x32 ./Drivers/STM32H7xx_HAL_Driver/Src/stm32h7xx_hal_gpio.o
 .ARM.attributes
                0x00000000000002c9       0x32 ./Drivers/STM32H7xx_HAL_Driver/Src/stm32h7xx_hal_pcd.o
 .ARM.attributes
                0x00000000000002fb       0x32 ./Drivers/STM32H7xx_HAL_Driver/Src/stm32h7xx_hal_pcd_ex.o
 .ARM.attributes
                0x000000000000032d       0x32 ./Drivers/STM32H7xx_HAL_Driver/Src/stm32h7xx_hal_pwr_ex.o
 .ARM.attributes
                0x000000000000035f       0x32 ./Drivers/STM32H7xx_HAL_Driver/Src/stm32h7xx_hal_rcc.o
 .ARM.attributes
                0x0000000000000391       0x32 ./Drivers/STM32H7xx_HAL_Driver/Src/stm32h7xx_hal_rcc_ex.o
 .ARM.attributes
                0x00000000000003c3       0x32 ./Drivers/STM32H7xx_HAL_Driver/Src/stm32h7xx_hal_uart.o
 .ARM.attributes
                0x00000000000003f5       0x32 ./Drivers/STM32H7xx_HAL_Driver/Src/stm32h7xx_hal_uart_ex.o
 .ARM.attributes
                0x0000000000000427       0x32 ./Drivers/STM32H7xx_HAL_Driver/Src/stm32h7xx_ll_usb.o
 .ARM.attributes
                0x0000000000000459       0x32 ./Middlewares/ST/STM32_USB_Device_Library/Class/CDC/Src/usbd_cdc.o
 .ARM.attributes
                0x000000000000048b       0x32 ./Middlewares/ST/STM32_USB_Device_Library/Core/Src/usbd_core.o
 .ARM.attributes
                0x00000000000004bd       0x32 ./Middlewares/ST/STM32_USB_Device_Library/Core/Src/usbd_ctlreq.o
 .ARM.attributes
                0x00000000000004ef       0x32 ./Middlewares/ST/STM32_USB_Device_Library/Core/Src/usbd_ioreq.o
 .ARM.attributes
                0x0000000000000521       0x32 ./USB_DEVICE/App/usb_device.o
 .ARM.attributes
                0x0000000000000553       0x32 ./USB_DEVICE/App/usbd_cdc_if.o
 .ARM.attributes
                0x0000000000000585       0x32 ./USB_DEVICE/App/usbd_desc.o
 .ARM.attributes
                0x00000000000005b7       0x32 ./USB_DEVICE/Target/usbd_conf.o
 .ARM.attributes
                0x00000000000005e9       0x32 c:/st/stm32cubeide_1.8.0/stm32cubeide/plugins/com.st.stm32cube.ide.mcu.externaltools.gnu-tools-for-stm32.9-2020-q2-update.win32_2.0.0.202105311346/tools/bin/../lib/gcc/arm-none-eabi/9.3.1/../../../../arm-none-eabi/lib/thumb/v7e-m+dp/hard\libc_nano.a(lib_a-init.o)
 .ARM.attributes
                0x000000000000061b       0x32 c:/st/stm32cubeide_1.8.0/stm32cubeide/plugins/com.st.stm32cube.ide.mcu.externaltools.gnu-tools-for-stm32.9-2020-q2-update.win32_2.0.0.202105311346/tools/bin/../lib/gcc/arm-none-eabi/9.3.1/../../../../arm-none-eabi/lib/thumb/v7e-m+dp/hard\libc_nano.a(lib_a-itoa.o)
 .ARM.attributes
                0x000000000000064d       0x32 c:/st/stm32cubeide_1.8.0/stm32cubeide/plugins/com.st.stm32cube.ide.mcu.externaltools.gnu-tools-for-stm32.9-2020-q2-update.win32_2.0.0.202105311346/tools/bin/../lib/gcc/arm-none-eabi/9.3.1/../../../../arm-none-eabi/lib/thumb/v7e-m+dp/hard\libc_nano.a(lib_a-memcpy-stub.o)
 .ARM.attributes
                0x000000000000067f       0x32 c:/st/stm32cubeide_1.8.0/stm32cubeide/plugins/com.st.stm32cube.ide.mcu.externaltools.gnu-tools-for-stm32.9-2020-q2-update.win32_2.0.0.202105311346/tools/bin/../lib/gcc/arm-none-eabi/9.3.1/../../../../arm-none-eabi/lib/thumb/v7e-m+dp/hard\libc_nano.a(lib_a-memset.o)
 .ARM.attributes
                0x00000000000006b1       0x32 c:/st/stm32cubeide_1.8.0/stm32cubeide/plugins/com.st.stm32cube.ide.mcu.externaltools.gnu-tools-for-stm32.9-2020-q2-update.win32_2.0.0.202105311346/tools/bin/../lib/gcc/arm-none-eabi/9.3.1/../../../../arm-none-eabi/lib/thumb/v7e-m+dp/hard\libc_nano.a(lib_a-utoa.o)
 .ARM.attributes
                0x00000000000006e3       0x1e c:/st/stm32cubeide_1.8.0/stm32cubeide/plugins/com.st.stm32cube.ide.mcu.externaltools.gnu-tools-for-stm32.9-2020-q2-update.win32_2.0.0.202105311346/tools/bin/../lib/gcc/arm-none-eabi/9.3.1/thumb/v7e-m+dp/hard\libgcc.a(_aeabi_uldivmod.o)
 .ARM.attributes
                0x0000000000000701       0x32 c:/st/stm32cubeide_1.8.0/stm32cubeide/plugins/com.st.stm32cube.ide.mcu.externaltools.gnu-tools-for-stm32.9-2020-q2-update.win32_2.0.0.202105311346/tools/bin/../lib/gcc/arm-none-eabi/9.3.1/thumb/v7e-m+dp/hard\libgcc.a(_udivmoddi4.o)
 .ARM.attributes
                0x0000000000000733       0x1e c:/st/stm32cubeide_1.8.0/stm32cubeide/plugins/com.st.stm32cube.ide.mcu.externaltools.gnu-tools-for-stm32.9-2020-q2-update.win32_2.0.0.202105311346/tools/bin/../lib/gcc/arm-none-eabi/9.3.1/thumb/v7e-m+dp/hard\libgcc.a(_dvmd_tls.o)
 .ARM.attributes
                0x0000000000000751       0x1e c:/st/stm32cubeide_1.8.0/stm32cubeide/plugins/com.st.stm32cube.ide.mcu.externaltools.gnu-tools-for-stm32.9-2020-q2-update.win32_2.0.0.202105311346/tools/bin/../lib/gcc/arm-none-eabi/9.3.1/thumb/v7e-m+dp/hard/crtn.o
OUTPUT(USBIOControlSwitcher.elf elf32-littlearm)
LOAD linker stubs
LOAD c:/st/stm32cubeide_1.8.0/stm32cubeide/plugins/com.st.stm32cube.ide.mcu.externaltools.gnu-tools-for-stm32.9-2020-q2-update.win32_2.0.0.202105311346/tools/bin/../lib/gcc/arm-none-eabi/9.3.1/../../../../arm-none-eabi/lib/thumb/v7e-m+dp/hard\libc.a
LOAD c:/st/stm32cubeide_1.8.0/stm32cubeide/plugins/com.st.stm32cube.ide.mcu.externaltools.gnu-tools-for-stm32.9-2020-q2-update.win32_2.0.0.202105311346/tools/bin/../lib/gcc/arm-none-eabi/9.3.1/../../../../arm-none-eabi/lib/thumb/v7e-m+dp/hard\libm.a
LOAD c:/st/stm32cubeide_1.8.0/stm32cubeide/plugins/com.st.stm32cube.ide.mcu.externaltools.gnu-tools-for-stm32.9-2020-q2-update.win32_2.0.0.202105311346/tools/bin/../lib/gcc/arm-none-eabi/9.3.1/thumb/v7e-m+dp/hard\libgcc.a

.debug_info     0x0000000000000000    0x37422
 .debug_info    0x0000000000000000     0x3c15 ./Core/Src/main.o
 .debug_info    0x0000000000003c15     0x3118 ./Core/Src/stm32h7xx_hal_msp.o
 .debug_info    0x0000000000006d2d     0x1426 ./Core/Src/stm32h7xx_it.o
 .debug_info    0x0000000000008153     0x15c5 ./Core/Src/system_stm32h7xx.o
 .debug_info    0x0000000000009718       0x22 ./Core/Startup/startup_stm32h723zgtx.o
 .debug_info    0x000000000000973a     0x210c ./Drivers/STM32H7xx_HAL_Driver/Src/stm32h7xx_hal.o
 .debug_info    0x000000000000b846     0x2f15 ./Drivers/STM32H7xx_HAL_Driver/Src/stm32h7xx_hal_adc.o
 .debug_info    0x000000000000e75b     0x2ef8 ./Drivers/STM32H7xx_HAL_Driver/Src/stm32h7xx_hal_adc_ex.o
 .debug_info    0x0000000000011653     0x1c07 ./Drivers/STM32H7xx_HAL_Driver/Src/stm32h7xx_hal_cortex.o
 .debug_info    0x000000000001325a     0x162f ./Drivers/STM32H7xx_HAL_Driver/Src/stm32h7xx_hal_dac.o
 .debug_info    0x0000000000014889     0x167d ./Drivers/STM32H7xx_HAL_Driver/Src/stm32h7xx_hal_dma.o
 .debug_info    0x0000000000015f06     0x3293 ./Drivers/STM32H7xx_HAL_Driver/Src/stm32h7xx_hal_eth.o
 .debug_info    0x0000000000019199     0x17f5 ./Drivers/STM32H7xx_HAL_Driver/Src/stm32h7xx_hal_gpio.o
 .debug_info    0x000000000001a98e     0x1d2d ./Drivers/STM32H7xx_HAL_Driver/Src/stm32h7xx_hal_pcd.o
 .debug_info    0x000000000001c6bb     0x1331 ./Drivers/STM32H7xx_HAL_Driver/Src/stm32h7xx_hal_pcd_ex.o
 .debug_info    0x000000000001d9ec     0x1919 ./Drivers/STM32H7xx_HAL_Driver/Src/stm32h7xx_hal_pwr_ex.o
 .debug_info    0x000000000001f305     0x185e ./Drivers/STM32H7xx_HAL_Driver/Src/stm32h7xx_hal_rcc.o
 .debug_info    0x0000000000020b63     0x1ce5 ./Drivers/STM32H7xx_HAL_Driver/Src/stm32h7xx_hal_rcc_ex.o
 .debug_info    0x0000000000022848     0x558a ./Drivers/STM32H7xx_HAL_Driver/Src/stm32h7xx_hal_uart.o
 .debug_info    0x0000000000027dd2     0x19a9 ./Drivers/STM32H7xx_HAL_Driver/Src/stm32h7xx_hal_uart_ex.o
 .debug_info    0x000000000002977b     0x25a2 ./Drivers/STM32H7xx_HAL_Driver/Src/stm32h7xx_ll_usb.o
 .debug_info    0x000000000002bd1d     0x1b27 ./Middlewares/ST/STM32_USB_Device_Library/Class/CDC/Src/usbd_cdc.o
 .debug_info    0x000000000002d844     0x14ec ./Middlewares/ST/STM32_USB_Device_Library/Core/Src/usbd_core.o
 .debug_info    0x000000000002ed30     0x14b8 ./Middlewares/ST/STM32_USB_Device_Library/Core/Src/usbd_ctlreq.o
 .debug_info    0x00000000000301e8     0x11da ./Middlewares/ST/STM32_USB_Device_Library/Core/Src/usbd_ioreq.o
 .debug_info    0x00000000000313c2     0x1143 ./USB_DEVICE/App/usb_device.o
 .debug_info    0x0000000000032505     0x13a0 ./USB_DEVICE/App/usbd_cdc_if.o
 .debug_info    0x00000000000338a5      0xf36 ./USB_DEVICE/App/usbd_desc.o
 .debug_info    0x00000000000347db     0x2c47 ./USB_DEVICE/Target/usbd_conf.o

.debug_abbrev   0x0000000000000000     0x5408
 .debug_abbrev  0x0000000000000000      0x311 ./Core/Src/main.o
 .debug_abbrev  0x0000000000000311      0x2a7 ./Core/Src/stm32h7xx_hal_msp.o
 .debug_abbrev  0x00000000000005b8      0x22d ./Core/Src/stm32h7xx_it.o
 .debug_abbrev  0x00000000000007e5      0x251 ./Core/Src/system_stm32h7xx.o
 .debug_abbrev  0x0000000000000a36       0x12 ./Core/Startup/startup_stm32h723zgtx.o
 .debug_abbrev  0x0000000000000a48      0x324 ./Drivers/STM32H7xx_HAL_Driver/Src/stm32h7xx_hal.o
 .debug_abbrev  0x0000000000000d6c      0x34f ./Drivers/STM32H7xx_HAL_Driver/Src/stm32h7xx_hal_adc.o
 .debug_abbrev  0x00000000000010bb      0x38a ./Drivers/STM32H7xx_HAL_Driver/Src/stm32h7xx_hal_adc_ex.o
 .debug_abbrev  0x0000000000001445      0x409 ./Drivers/STM32H7xx_HAL_Driver/Src/stm32h7xx_hal_cortex.o
 .debug_abbrev  0x000000000000184e      0x28d ./Drivers/STM32H7xx_HAL_Driver/Src/stm32h7xx_hal_dac.o
 .debug_abbrev  0x0000000000001adb      0x2c1 ./Drivers/STM32H7xx_HAL_Driver/Src/stm32h7xx_hal_dma.o
 .debug_abbrev  0x0000000000001d9c      0x328 ./Drivers/STM32H7xx_HAL_Driver/Src/stm32h7xx_hal_eth.o
 .debug_abbrev  0x00000000000020c4      0x2cb ./Drivers/STM32H7xx_HAL_Driver/Src/stm32h7xx_hal_gpio.o
 .debug_abbrev  0x000000000000238f      0x33a ./Drivers/STM32H7xx_HAL_Driver/Src/stm32h7xx_hal_pcd.o
 .debug_abbrev  0x00000000000026c9      0x2e0 ./Drivers/STM32H7xx_HAL_Driver/Src/stm32h7xx_hal_pcd_ex.o
 .debug_abbrev  0x00000000000029a9      0x33f ./Drivers/STM32H7xx_HAL_Driver/Src/stm32h7xx_hal_pwr_ex.o
 .debug_abbrev  0x0000000000002ce8      0x311 ./Drivers/STM32H7xx_HAL_Driver/Src/stm32h7xx_hal_rcc.o
 .debug_abbrev  0x0000000000002ff9      0x31d ./Drivers/STM32H7xx_HAL_Driver/Src/stm32h7xx_hal_rcc_ex.o
 .debug_abbrev  0x0000000000003316      0x37d ./Drivers/STM32H7xx_HAL_Driver/Src/stm32h7xx_hal_uart.o